Archive member included because of file (symbol)

C:\Users\Alexander\AppData\Local\arduino15\packages\arduino\hardware\sam\1.6.11\variants\arduino_due_x/libsam_sam3x8e_gcc_rel.a(pio.o)
                              C:\Users\Alexander\AppData\Local\Temp\VMBuilds\SD-reader\arduino_due_x_dbg\Debug\SPI\SPI.cpp.o (PIO_Configure)
C:\Users\Alexander\AppData\Local\arduino15\packages\arduino\hardware\sam\1.6.11\variants\arduino_due_x/libsam_sam3x8e_gcc_rel.a(pmc.o)
                              C:\Users\Alexander\AppData\Local\Temp\VMBuilds\SD-reader\arduino_due_x_dbg\Debug\variant\variant.cpp.o (pmc_enable_periph_clk)
C:\Users\Alexander\AppData\Local\arduino15\packages\arduino\hardware\sam\1.6.11\variants\arduino_due_x/libsam_sam3x8e_gcc_rel.a(spi.o)
                              C:\Users\Alexander\AppData\Local\Temp\VMBuilds\SD-reader\arduino_due_x_dbg\Debug\SPI\SPI.cpp.o (SPI_Enable)
C:\Users\Alexander\AppData\Local\arduino15\packages\arduino\hardware\sam\1.6.11\variants\arduino_due_x/libsam_sam3x8e_gcc_rel.a(system_sam3xa.o)
                              C:\Users\Alexander\AppData\Local\Temp\VMBuilds\SD-reader\arduino_due_x_dbg\Debug\variant\variant.cpp.o (SystemInit)
C:\Users\Alexander\AppData\Local\arduino15\packages\arduino\hardware\sam\1.6.11\variants\arduino_due_x/libsam_sam3x8e_gcc_rel.a(startup_sam3xa.o)
                              (Reset_Handler)
C:\Users\Alexander\AppData\Local\arduino15\packages\arduino\hardware\sam\1.6.11\variants\arduino_due_x/libsam_sam3x8e_gcc_rel.a(adc.o)
                              C:\Users\Alexander\AppData\Local\Temp\VMBuilds\SD-reader\arduino_due_x_dbg\Debug\variant\variant.cpp.o (adc_init)
C:\Users\Alexander\AppData\Local\arduino15\packages\arduino\hardware\sam\1.6.11\variants\arduino_due_x/libsam_sam3x8e_gcc_rel.a(uotghs.o)
                              C:\Users\Alexander\AppData\Local\arduino15\packages\arduino\hardware\sam\1.6.11\variants\arduino_due_x/libsam_sam3x8e_gcc_rel.a(startup_sam3xa.o) (UOTGHS_Handler)
C:\Users\Alexander\AppData\Local\Temp\VMBuilds\SD-reader\arduino_due_x_dbg\Debug/core.a(cortex_handlers.c.o)
                              C:\Users\Alexander\AppData\Local\arduino15\packages\arduino\hardware\sam\1.6.11\variants\arduino_due_x/libsam_sam3x8e_gcc_rel.a(startup_sam3xa.o) (NMI_Handler)
C:\Users\Alexander\AppData\Local\Temp\VMBuilds\SD-reader\arduino_due_x_dbg\Debug/core.a(hooks.c.o)
                              C:\Users\Alexander\AppData\Local\Temp\VMBuilds\SD-reader\arduino_due_x_dbg\Debug/core.a(cortex_handlers.c.o) (sysTickHook)
C:\Users\Alexander\AppData\Local\Temp\VMBuilds\SD-reader\arduino_due_x_dbg\Debug/core.a(syscalls_sam3.c.o)
                              (_sbrk)
C:\Users\Alexander\AppData\Local\Temp\VMBuilds\SD-reader\arduino_due_x_dbg\Debug/core.a(wiring.c.o)
                              C:\Users\Alexander\AppData\Local\Temp\VMBuilds\SD-reader\arduino_due_x_dbg\Debug\SD-reader.cpp.o (millis)
C:\Users\Alexander\AppData\Local\Temp\VMBuilds\SD-reader\arduino_due_x_dbg\Debug/core.a(wiring_analog.c.o)
                              C:\Users\Alexander\AppData\Local\Temp\VMBuilds\SD-reader\arduino_due_x_dbg\Debug\SD-reader.cpp.o (analogRead)
C:\Users\Alexander\AppData\Local\Temp\VMBuilds\SD-reader\arduino_due_x_dbg\Debug/core.a(wiring_digital.c.o)
                              C:\Users\Alexander\AppData\Local\Temp\VMBuilds\SD-reader\arduino_due_x_dbg\Debug\SPI\SPI.cpp.o (pinMode)
C:\Users\Alexander\AppData\Local\Temp\VMBuilds\SD-reader\arduino_due_x_dbg\Debug/core.a(abi.cpp.o)
                              C:\Users\Alexander\AppData\Local\Temp\VMBuilds\SD-reader\arduino_due_x_dbg\Debug\SD\File.cpp.o (__cxa_pure_virtual)
C:\Users\Alexander\AppData\Local\Temp\VMBuilds\SD-reader\arduino_due_x_dbg\Debug/core.a(main.cpp.o)
                              c:/users/alexander/appdata/local/arduino15/packages/arduino/tools/arm-none-eabi-gcc/4.8.3-2014q1/bin/../lib/gcc/arm-none-eabi/4.8.3/../../../../arm-none-eabi/lib/armv7-m/crt0.o (main)
C:\Users\Alexander\AppData\Local\Temp\VMBuilds\SD-reader\arduino_due_x_dbg\Debug/core.a(Print.cpp.o)
                              C:\Users\Alexander\AppData\Local\Temp\VMBuilds\SD-reader\arduino_due_x_dbg\Debug\SD\File.cpp.o (Print::write(unsigned char const*, unsigned int))
C:\Users\Alexander\AppData\Local\Temp\VMBuilds\SD-reader\arduino_due_x_dbg\Debug/core.a(Reset.cpp.o)
                              C:\Users\Alexander\AppData\Local\Temp\VMBuilds\SD-reader\arduino_due_x_dbg\Debug/core.a(cortex_handlers.c.o) (tickReset)
C:\Users\Alexander\AppData\Local\Temp\VMBuilds\SD-reader\arduino_due_x_dbg\Debug/core.a(RingBuffer.cpp.o)
                              C:\Users\Alexander\AppData\Local\Temp\VMBuilds\SD-reader\arduino_due_x_dbg\Debug\variant\variant.cpp.o (RingBuffer::RingBuffer())
C:\Users\Alexander\AppData\Local\Temp\VMBuilds\SD-reader\arduino_due_x_dbg\Debug/core.a(UARTClass.cpp.o)
[...]
Memory Configuration

Name             Origin             Length             Attributes
rom              0x00080000         0x00080000         xr
sram0            0x20000000         0x00010000         xrw
sram1            0x20080000         0x00008000         xrw
ram              0x20070000         0x00018000         xrw
*default*        0x00000000         0xffffffff

Linker script and memory map

LOAD c:/users/alexander/appdata/local/arduino15/packages/arduino/tools/arm-none-eabi-gcc/4.8.3-2014q1/bin/../lib/gcc/arm-none-eabi/4.8.3/armv7-m/crti.o
LOAD c:/users/alexander/appdata/local/arduino15/packages/arduino/tools/arm-none-eabi-gcc/4.8.3-2014q1/bin/../lib/gcc/arm-none-eabi/4.8.3/armv7-m/crtbegin.o
LOAD c:/users/alexander/appdata/local/arduino15/packages/arduino/tools/arm-none-eabi-gcc/4.8.3-2014q1/bin/../lib/gcc/arm-none-eabi/4.8.3/../../../../arm-none-eabi/lib/armv7-m/crt0.o
START GROUP
LOAD C:\Users\Alexander\AppData\Local\Temp\VMBuilds\SD-reader\arduino_due_x_dbg\Debug\SD-reader.cpp.o
LOAD C:\Users\Alexander\AppData\Local\Temp\VMBuilds\SD-reader\arduino_due_x_dbg\Debug\SPI\SPI.cpp.o
LOAD C:\Users\Alexander\AppData\Local\Temp\VMBuilds\SD-reader\arduino_due_x_dbg\Debug\SD\File.cpp.o
LOAD C:\Users\Alexander\AppData\Local\Temp\VMBuilds\SD-reader\arduino_due_x_dbg\Debug\SD\SD.cpp.o
LOAD C:\Users\Alexander\AppData\Local\Temp\VMBuilds\SD-reader\arduino_due_x_dbg\Debug\SD\utility\Sd2Card.cpp.o
LOAD C:\Users\Alexander\AppData\Local\Temp\VMBuilds\SD-reader\arduino_due_x_dbg\Debug\SD\utility\SdFile.cpp.o
LOAD C:\Users\Alexander\AppData\Local\Temp\VMBuilds\SD-reader\arduino_due_x_dbg\Debug\SD\utility\SdVolume.cpp.o
LOAD C:\Users\Alexander\AppData\Local\Temp\VMBuilds\SD-reader\arduino_due_x_dbg\Debug\VM_DBG\VM_DBG.cpp.o
LOAD C:\Users\Alexander\AppData\Local\Temp\VMBuilds\SD-reader\arduino_due_x_dbg\Debug\VM_DBG\VM_mem_check_sam.cpp.o
LOAD C:\Users\Alexander\AppData\Local\Temp\VMBuilds\SD-reader\arduino_due_x_dbg\Debug\variant\variant.cpp.o
LOAD C:\Users\Alexander\AppData\Local\arduino15\packages\arduino\hardware\sam\1.6.11\variants\arduino_due_x/libsam_sam3x8e_gcc_rel.a
LOAD C:\Users\Alexander\AppData\Local\Temp\VMBuilds\SD-reader\arduino_due_x_dbg\Debug/core.a
END GROUP
LOAD c:/users/alexander/appdata/local/arduino15/packages/arduino/tools/arm-none-eabi-gcc/4.8.3-2014q1/bin/../lib/gcc/arm-none-eabi/4.8.3/../../../../arm-none-eabi/lib/armv7-m\libm.a
START GROUP
LOAD c:/users/alexander/appdata/local/arduino15/packages/arduino/tools/arm-none-eabi-gcc/4.8.3-2014q1/bin/../lib/gcc/arm-none-eabi/4.8.3/armv7-m\libgcc.a
LOAD c:/users/alexander/appdata/local/arduino15/packages/arduino/tools/arm-none-eabi-gcc/4.8.3-2014q1/bin/../lib/gcc/arm-none-eabi/4.8.3/../../../../arm-none-eabi/lib/armv7-m\libg.a
LOAD c:/users/alexander/appdata/local/arduino15/packages/arduino/tools/arm-none-eabi-gcc/4.8.3-2014q1/bin/../lib/gcc/arm-none-eabi/4.8.3/../../../../arm-none-eabi/lib/armv7-m\libc.a
END GROUP
LOAD c:/users/alexander/appdata/local/arduino15/packages/arduino/tools/arm-none-eabi-gcc/4.8.3-2014q1/bin/../lib/gcc/arm-none-eabi/4.8.3/armv7-m/crtend.o
LOAD c:/users/alexander/appdata/local/arduino15/packages/arduino/tools/arm-none-eabi-gcc/4.8.3-2014q1/bin/../lib/gcc/arm-none-eabi/4.8.3/armv7-m/crtn.o

.text           0x00080000     0x74a0
                0x00080000                . = ALIGN (0x4)
                0x00080000                _sfixed = .
 *(.vectors .vectors.*)
 .vectors       0x00080000       0xf4 C:\Users\Alexander\AppData\Local\arduino15\packages\arduino\hardware\sam\1.6.11\variants\arduino_due_x/libsam_sam3x8e_gcc_rel.a(startup_sam3xa.o)
                0x00080000                exception_table
 *(.text .text.* .gnu.linkonce.t.*)
 .text          0x000800f4       0x54 c:/users/alexander/appdata/local/arduino15/packages/arduino/tools/arm-none-eabi-gcc/4.8.3-2014q1/bin/../lib/gcc/arm-none-eabi/4.8.3/armv7-m/crtbegin.o
 .text.loop     0x00080148      0x15c C:\Users\Alexander\AppData\Local\Temp\VMBuilds\SD-reader\arduino_due_x_dbg\Debug\SD-reader.cpp.o
                0x00080148                loop
 .text.startup._GLOBAL__sub_I___VisualMicro_DEBUG_1_HITCOUNTER__
                0x000802a4        0xc C:\Users\Alexander\AppData\Local\Temp\VMBuilds\SD-reader\arduino_due_x_dbg\Debug\SD-reader.cpp.o
 .text.setup    0x000802b0       0xfc C:\Users\Alexander\AppData\Local\Temp\VMBuilds\SD-reader\arduino_due_x_dbg\Debug\SD-reader.cpp.o
                0x000802b0                setup
 .text._ZL10SPI_0_Initv
                0x000803ac       0x48 C:\Users\Alexander\AppData\Local\Temp\VMBuilds\SD-reader\arduino_due_x_dbg\Debug\SPI\SPI.cpp.o
 .text._ZN8SPIClass4initEv
                0x000803f4       0x36 C:\Users\Alexander\AppData\Local\Temp\VMBuilds\SD-reader\arduino_due_x_dbg\Debug\SPI\SPI.cpp.o
                0x000803f4                SPIClass::init()
 *fill*         0x0008042a        0x2 
 .text._ZN8SPIClass16beginTransactionEh11SPISettings
                0x0008042c       0x98 C:\Users\Alexander\AppData\Local\Temp\VMBuilds\SD-reader\arduino_due_x_dbg\Debug\SPI\SPI.cpp.o
                0x0008042c                SPIClass::beginTransaction(unsigned char, SPISettings)
 .text._ZN8SPIClass14endTransactionEv
                0x000804c4       0x50 C:\Users\Alexander\AppData\Local\Temp\VMBuilds\SD-reader\arduino_due_x_dbg\Debug\SPI\SPI.cpp.o
                0x000804c4                SPIClass::endTransaction()
 .text._ZN8SPIClass11setDataModeEhh
                0x00080514       0x34 C:\Users\Alexander\AppData\Local\Temp\VMBuilds\SD-reader\arduino_due_x_dbg\Debug\SPI\SPI.cpp.o
                0x00080514                SPIClass::setDataMode(unsigned char, unsigned char)
 .text._ZN8SPIClass15setClockDividerEhh
                0x00080548       0x2e C:\Users\Alexander\AppData\Local\Temp\VMBuilds\SD-reader\arduino_due_x_dbg\Debug\SPI\SPI.cpp.o
                0x00080548                SPIClass::setClockDivider(unsigned char, unsigned char)
 .text._ZN8SPIClass5beginEv
                0x00080576       0x22 C:\Users\Alexander\AppData\Local\Temp\VMBuilds\SD-reader\arduino_due_x_dbg\Debug\SPI\SPI.cpp.o
                0x00080576                SPIClass::begin()
 .text._ZN8SPIClass8transferEhh15SPITransferMode
                0x00080598       0x5e C:\Users\Alexander\AppData\Local\Temp\VMBuilds\SD-reader\arduino_due_x_dbg\Debug\SPI\SPI.cpp.o
                0x00080598                SPIClass::transfer(unsigned char, unsigned char, SPITransferMode)
 *fill*         0x000805f6        0x2 
 .text.startup._GLOBAL__sub_I__ZN8SPIClassC2EP3SpimPFvvE
                0x000805f8       0x24 C:\Users\Alexander\AppData\Local\Temp\VMBuilds\SD-reader\arduino_due_x_dbg\Debug\SPI\SPI.cpp.o
 .text._ZN5SDLib4File5writeEh
                0x0008061c       0x16 C:\Users\Alexander\AppData\Local\Temp\VMBuilds\SD-reader\arduino_due_x_dbg\Debug\SD\File.cpp.o
                0x0008061c                SDLib::File::write(unsigned char)
 .text._ZN5SDLib4File5writeEPKhj
                0x00080632       0x26 C:\Users\Alexander\AppData\Local\Temp\VMBuilds\SD-reader\arduino_due_x_dbg\Debug\SD\File.cpp.o
                0x00080632                SDLib::File::write(unsigned char const*, unsigned int)
 .text._ZN5SDLib4File5flushEv
                0x00080658        0xa C:\Users\Alexander\AppData\Local\Temp\VMBuilds\SD-reader\arduino_due_x_dbg\Debug\SD\File.cpp.o
                0x00080658                SDLib::File::flush()
 .text._ZN6SdFile4readEv
                0x00080662       0x20 C:\Users\Alexander\AppData\Local\Temp\VMBuilds\SD-reader\arduino_due_x_dbg\Debug\SD\File.cpp.o
                0x00080662                SdFile::read()
 .text._ZN5SDLib4File4readEv
                0x00080682       0x12 C:\Users\Alexander\AppData\Local\Temp\VMBuilds\SD-reader\arduino_due_x_dbg\Debug\SD\File.cpp.o
                0x00080682                SDLib::File::read()
 .text._ZN5SDLib4File4peekEv
                0x00080694       0x20 C:\Users\Alexander\AppData\Local\Temp\VMBuilds\SD-reader\arduino_due_x_dbg\Debug\SD\File.cpp.o
                0x00080694                SDLib::File::peek()
 .text._ZN5SDLib4FileC2E6SdFilePKc
                0x000806b4       0x50 C:\Users\Alexander\AppData\Local\Temp\VMBuilds\SD-reader\arduino_due_x_dbg\Debug\SD\File.cpp.o
                0x000806b4                SDLib::File::File(SdFile, char const*)
                0x000806b4                SDLib::File::File(SdFile, char const*)
 .text._ZN5SDLib4FileC2Ev
                0x00080704       0x18 C:\Users\Alexander\AppData\Local\Temp\VMBuilds\SD-reader\arduino_due_x_dbg\Debug\SD\File.cpp.o
                0x00080704                SDLib::File::File()
                0x00080704                SDLib::File::File()
 .text._ZN5SDLib4File8positionEv
                0x0008071c        0xe C:\Users\Alexander\AppData\Local\Temp\VMBuilds\SD-reader\arduino_due_x_dbg\Debug\SD\File.cpp.o
                0x0008071c                SDLib::File::position()
 .text._ZN5SDLib4File4sizeEv
                0x0008072a        0x8 C:\Users\Alexander\AppData\Local\Temp\VMBuilds\SD-reader\arduino_due_x_dbg\Debug\SD\File.cpp.o
                0x0008072a                SDLib::File::size()
 .text._ZN5SDLib4File9availableEv
                0x00080732       0x26 C:\Users\Alexander\AppData\Local\Temp\VMBuilds\SD-reader\arduino_due_x_dbg\Debug\SD\File.cpp.o
                0x00080732                SDLib::File::available()
 .text._ZN5SDLib4File5closeEv
                0x00080758       0x18 C:\Users\Alexander\AppData\Local\Temp\VMBuilds\SD-reader\arduino_due_x_dbg\Debug\SD\File.cpp.o
                0x00080758                SDLib::File::close()
 .text._ZN5SDLib4FilecvbEv
                0x00080770        0xe C:\Users\Alexander\AppData\Local\Temp\VMBuilds\SD-reader\arduino_due_x_dbg\Debug\SD\File.cpp.o
                0x00080770                SDLib::File::operator bool()
 .text._ZN8SdVolume4initEP7Sd2Card
                0x0008077e       0x20 C:\Users\Alexander\AppData\Local\Temp\VMBuilds\SD-reader\arduino_due_x_dbg\Debug\SD\SD.cpp.o
                0x0008077e                SdVolume::init(Sd2Card*)
 .text._ZN5SDLib7SDClass5beginEh
                0x0008079e       0x34 C:\Users\Alexander\AppData\Local\Temp\VMBuilds\SD-reader\arduino_due_x_dbg\Debug\SD\SD.cpp.o
                0x0008079e                SDLib::SDClass::begin(unsigned char)
 *fill*         0x000807d2        0x2 
 .text._ZN6SdFileC2ERKS_
                0x000807d4       0x34 C:\Users\Alexander\AppData\Local\Temp\VMBuilds\SD-reader\arduino_due_x_dbg\Debug\SD\SD.cpp.o
                0x000807d4                SdFile::SdFile(SdFile const&)
                0x000807d4                SdFile::SdFile(SdFile const&)
 .text._ZN5SDLib7SDClass12getParentDirEPKcPi
                0x00080808       0xac C:\Users\Alexander\AppData\Local\Temp\VMBuilds\SD-reader\arduino_due_x_dbg\Debug\SD\SD.cpp.o
                0x00080808                SDLib::SDClass::getParentDir(char const*, int*)
 .text._ZN5SDLib7SDClass4openEPKch
                0x000808b4       0xa4 C:\Users\Alexander\AppData\Local\Temp\VMBuilds\SD-reader\arduino_due_x_dbg\Debug\SD\SD.cpp.o
                0x000808b4                SDLib::SDClass::open(char const*, unsigned char)
 .text.startup._GLOBAL__sub_I__ZN5SDLib20getNextPathComponentEPKcPjPc
                0x00080958       0x28 C:\Users\Alexander\AppData\Local\Temp\VMBuilds\SD-reader\arduino_due_x_dbg\Debug\SD\SD.cpp.o
 .text._ZL7spiSendh
                0x00080980       0x10 C:\Users\Alexander\AppData\Local\Temp\VMBuilds\SD-reader\arduino_due_x_dbg\Debug\SD\utility\Sd2Card.cpp.o
 .text._ZL6spiRecv
                0x00080990       0x10 C:\Users\Alexander\AppData\Local\Temp\VMBuilds\SD-reader\arduino_due_x_dbg\Debug\SD\utility\Sd2Card.cpp.o
 .text._ZN7Sd2Card14chipSelectHighEv
                0x000809a0       0x28 C:\Users\Alexander\AppData\Local\Temp\VMBuilds\SD-reader\arduino_due_x_dbg\Debug\SD\utility\Sd2Card.cpp.o
                0x000809a0                Sd2Card::chipSelectHigh()
 .text._ZN7Sd2Card13chipSelectLowEv
                0x000809c8       0x40 C:\Users\Alexander\AppData\Local\Temp\VMBuilds\SD-reader\arduino_due_x_dbg\Debug\SD\utility\Sd2Card.cpp.o
                0x000809c8                Sd2Card::chipSelectLow()
 .text._ZN7Sd2Card7readEndEv
                0x00080a08       0x2a C:\Users\Alexander\AppData\Local\Temp\VMBuilds\SD-reader\arduino_due_x_dbg\Debug\SD\utility\Sd2Card.cpp.o
                0x00080a08                Sd2Card::readEnd()
 *fill*         0x00080a32        0x2 
 .text._ZN7Sd2Card10setSckRateEh
                0x00080a34       0x58 C:\Users\Alexander\AppData\Local\Temp\VMBuilds\SD-reader\arduino_due_x_dbg\Debug\SD\utility\Sd2Card.cpp.o
                0x00080a34                Sd2Card::setSckRate(unsigned char)
 .text._ZN7Sd2Card11waitNotBusyEt
                0x00080a8c       0x28 C:\Users\Alexander\AppData\Local\Temp\VMBuilds\SD-reader\arduino_due_x_dbg\Debug\SD\utility\Sd2Card.cpp.o
                0x00080a8c                Sd2Card::waitNotBusy(unsigned short)
 .text._ZN7Sd2Card11cardCommandEhm
                0x00080ab4       0x60 C:\Users\Alexander\AppData\Local\Temp\VMBuilds\SD-reader\arduino_due_x_dbg\Debug\SD\utility\Sd2Card.cpp.o
                0x00080ab4                Sd2Card::cardCommand(unsigned char, unsigned long)
 .text._ZN7Sd2Card4initEhh
                0x00080b14      0x150 C:\Users\Alexander\AppData\Local\Temp\VMBuilds\SD-reader\arduino_due_x_dbg\Debug\SD\utility\Sd2Card.cpp.o
                0x00080b14                Sd2Card::init(unsigned char, unsigned char)
 .text._ZN7Sd2Card14waitStartBlockEv
                0x00080c64       0x3e C:\Users\Alexander\AppData\Local\Temp\VMBuilds\SD-reader\arduino_due_x_dbg\Debug\SD\utility\Sd2Card.cpp.o
                0x00080c64                Sd2Card::waitStartBlock()
 .text._ZN7Sd2Card8readDataEmttPh
                0x00080ca2       0xa4 C:\Users\Alexander\AppData\Local\Temp\VMBuilds\SD-reader\arduino_due_x_dbg\Debug\SD\utility\Sd2Card.cpp.o
                0x00080ca2                Sd2Card::readData(unsigned long, unsigned short, unsigned short, unsigned char*)
 .text._ZN7Sd2Card9readBlockEmPh
                0x00080d46       0x14 C:\Users\Alexander\AppData\Local\Temp\VMBuilds\SD-reader\arduino_due_x_dbg\Debug\SD\utility\Sd2Card.cpp.o
                0x00080d46                Sd2Card::readBlock(unsigned long, unsigned char*)
 .text._ZN7Sd2Card9writeDataEhPKh
                0x00080d5a       0x48 C:\Users\Alexander\AppData\Local\Temp\VMBuilds\SD-reader\arduino_due_x_dbg\Debug\SD\utility\Sd2Card.cpp.o
                0x00080d5a                Sd2Card::writeData(unsigned char, unsigned char const*)
 .text._ZN7Sd2Card10writeBlockEmPKh
                0x00080da2       0x6c C:\Users\Alexander\AppData\Local\Temp\VMBuilds\SD-reader\arduino_due_x_dbg\Debug\SD\utility\Sd2Card.cpp.o
                0x00080da2                Sd2Card::writeBlock(unsigned long, unsigned char const*)
 *fill*         0x00080e0e        0x2 
 .text.startup._GLOBAL__sub_I__ZN7Sd2Card11cardCommandEhm
                0x00080e10       0x14 C:\Users\Alexander\AppData\Local\Temp\VMBuilds\SD-reader\arduino_due_x_dbg\Debug\SD\utility\Sd2Card.cpp.o
 .text._ZN6SdFile10addClusterEv
                0x00080e24       0x26 C:\Users\Alexander\AppData\Local\Temp\VMBuilds\SD-reader\arduino_due_x_dbg\Debug\SD\utility\SdFile.cpp.o
                0x00080e24                SdFile::addCluster()
 .text._ZN6SdFile13addDirClusterEv
                0x00080e4a       0x46 C:\Users\Alexander\AppData\Local\Temp\VMBuilds\SD-reader\arduino_due_x_dbg\Debug\SD\utility\SdFile.cpp.o
                0x00080e4a                SdFile::addDirCluster()
 .text._ZN6SdFile13cacheDirEntryEh
                0x00080e90       0x1c C:\Users\Alexander\AppData\Local\Temp\VMBuilds\SD-reader\arduino_due_x_dbg\Debug\SD\utility\SdFile.cpp.o
                0x00080e90                SdFile::cacheDirEntry(unsigned char)
 .text._ZN6SdFile10make83NameEPKcPh
                0x00080eac       0x98 C:\Users\Alexander\AppData\Local\Temp\VMBuilds\SD-reader\arduino_due_x_dbg\Debug\SD\utility\SdFile.cpp.o
                0x00080eac                SdFile::make83Name(char const*, unsigned char*)
 .text._ZN6SdFile8openRootEP8SdVolume
                0x00080f44       0x50 C:\Users\Alexander\AppData\Local\Temp\VMBuilds\SD-reader\arduino_due_x_dbg\Debug\SD\utility\SdFile.cpp.o
                0x00080f44                SdFile::openRoot(SdVolume*)
 .text._ZN6SdFile4readEPvt
                0x00080f94      0x104 C:\Users\Alexander\AppData\Local\Temp\VMBuilds\SD-reader\arduino_due_x_dbg\Debug\SD\utility\SdFile.cpp.o
                0x00080f94                SdFile::read(void*, unsigned short)
 .text._ZN6SdFile12readDirCacheEv
                0x00081098       0x44 C:\Users\Alexander\AppData\Local\Temp\VMBuilds\SD-reader\arduino_due_x_dbg\Debug\SD\utility\SdFile.cpp.o
                0x00081098                SdFile::readDirCache()
 .text._ZN6SdFile7seekSetEm
                0x000810dc       0x5e C:\Users\Alexander\AppData\Local\Temp\VMBuilds\SD-reader\arduino_due_x_dbg\Debug\SD\utility\SdFile.cpp.o
                0x000810dc                SdFile::seekSet(unsigned long)
 *fill*         0x0008113a        0x2 
 .text._ZN6SdFile4syncEv
                0x0008113c       0x58 C:\Users\Alexander\AppData\Local\Temp\VMBuilds\SD-reader\arduino_due_x_dbg\Debug\SD\utility\SdFile.cpp.o
                0x0008113c                SdFile::sync()
 .text._ZN6SdFile5closeEv
                0x00081194       0x12 C:\Users\Alexander\AppData\Local\Temp\VMBuilds\SD-reader\arduino_due_x_dbg\Debug\SD\utility\SdFile.cpp.o
                0x00081194                SdFile::close()
 *fill*         0x000811a6        0x2 
 .text._ZN6SdFile8truncateEm
                0x000811a8       0xb0 C:\Users\Alexander\AppData\Local\Temp\VMBuilds\SD-reader\arduino_due_x_dbg\Debug\SD\utility\SdFile.cpp.o
                0x000811a8                SdFile::truncate(unsigned long)
 .text._ZN6SdFile15openCachedEntryEhh
                0x00081258       0x7c C:\Users\Alexander\AppData\Local\Temp\VMBuilds\SD-reader\arduino_due_x_dbg\Debug\SD\utility\SdFile.cpp.o
                0x00081258                SdFile::openCachedEntry(unsigned char, unsigned char)
 .text._ZN6SdFile4openEPS_PKch
                0x000812d4      0x110 C:\Users\Alexander\AppData\Local\Temp\VMBuilds\SD-reader\arduino_due_x_dbg\Debug\SD\utility\SdFile.cpp.o
                0x000812d4                SdFile::open(SdFile*, char const*, unsigned char)
 .text._ZN6SdFile5writeEPKvt
                0x000813e4      0x194 C:\Users\Alexander\AppData\Local\Temp\VMBuilds\SD-reader\arduino_due_x_dbg\Debug\SD\utility\SdFile.cpp.o
                0x000813e4                SdFile::write(void const*, unsigned short)
 .text._ZN6SdFile5writeEh
                0x00081578       0x16 C:\Users\Alexander\AppData\Local\Temp\VMBuilds\SD-reader\arduino_due_x_dbg\Debug\SD\utility\SdFile.cpp.o
                0x00081578                SdFile::write(unsigned char)
 *fill*         0x0008158e        0x2 
 .text._ZN8SdVolume10cacheFlushEv
                0x00081590       0x4c C:\Users\Alexander\AppData\Local\Temp\VMBuilds\SD-reader\arduino_due_x_dbg\Debug\SD\utility\SdVolume.cpp.o
                0x00081590                SdVolume::cacheFlush()
 .text._ZN8SdVolume13cacheRawBlockEmh
                0x000815dc       0x48 C:\Users\Alexander\AppData\Local\Temp\VMBuilds\SD-reader\arduino_due_x_dbg\Debug\SD\utility\SdVolume.cpp.o
                0x000815dc                SdVolume::cacheRawBlock(unsigned long, unsigned char)
 .text._ZN8SdVolume14cacheZeroBlockEm
                0x00081624       0x38 C:\Users\Alexander\AppData\Local\Temp\VMBuilds\SD-reader\arduino_due_x_dbg\Debug\SD\utility\SdVolume.cpp.o
                0x00081624                SdVolume::cacheZeroBlock(unsigned long)
 .text._ZNK8SdVolume6fatGetEmPm
                0x0008165c       0x64 C:\Users\Alexander\AppData\Local\Temp\VMBuilds\SD-reader\arduino_due_x_dbg\Debug\SD\utility\SdVolume.cpp.o
                0x0008165c                SdVolume::fatGet(unsigned long, unsigned long*) const
 .text._ZNK8SdVolume9chainSizeEmPm
                0x000816c0       0x44 C:\Users\Alexander\AppData\Local\Temp\VMBuilds\SD-reader\arduino_due_x_dbg\Debug\SD\utility\SdVolume.cpp.o
                0x000816c0                SdVolume::chainSize(unsigned long, unsigned long*) const
 .text._ZN8SdVolume6fatPutEmm
                0x00081704       0x84 C:\Users\Alexander\AppData\Local\Temp\VMBuilds\SD-reader\arduino_due_x_dbg\Debug\SD\utility\SdVolume.cpp.o
                0x00081704                SdVolume::fatPut(unsigned long, unsigned long)
 .text._ZN8SdVolume15allocContiguousEmPm
                0x00081788       0xb4 C:\Users\Alexander\AppData\Local\Temp\VMBuilds\SD-reader\arduino_due_x_dbg\Debug\SD\utility\SdVolume.cpp.o
                0x00081788                SdVolume::allocContiguous(unsigned long, unsigned long*)
 .text._ZN8SdVolume9freeChainEm
                0x0008183c       0x48 C:\Users\Alexander\AppData\Local\Temp\VMBuilds\SD-reader\arduino_due_x_dbg\Debug\SD\utility\SdVolume.cpp.o
                0x0008183c                SdVolume::freeChain(unsigned long)
 .text._ZN8SdVolume4initEP7Sd2Cardh
                0x00081884       0xf4 C:\Users\Alexander\AppData\Local\Temp\VMBuilds\SD-reader\arduino_due_x_dbg\Debug\SD\utility\SdVolume.cpp.o
                0x00081884                SdVolume::init(Sd2Card*, unsigned char)
 .text._ZN16VisualMicroDebug16DBG_YieldAndWaitEmb
                0x00081978       0x1a C:\Users\Alexander\AppData\Local\Temp\VMBuilds\SD-reader\arduino_due_x_dbg\Debug\VM_DBG\VM_DBG.cpp.o
                0x00081978                VisualMicroDebug::DBG_YieldAndWait(unsigned long, bool)
 .text._ZN16VisualMicroDebug16DBG_YieldAndWaitEm
                0x00081992        0x6 C:\Users\Alexander\AppData\Local\Temp\VMBuilds\SD-reader\arduino_due_x_dbg\Debug\VM_DBG\VM_DBG.cpp.o
                0x00081992                VisualMicroDebug::DBG_YieldAndWait(unsigned long)
 .text._ZN16VisualMicroDebug10DBG_MillisEv
                0x00081998        0x4 C:\Users\Alexander\AppData\Local\Temp\VMBuilds\SD-reader\arduino_due_x_dbg\Debug\VM_DBG\VM_DBG.cpp.o
                0x00081998                VisualMicroDebug::DBG_Millis()
 .text._ZN16VisualMicroDebug17OnBreakPointBeginEm
                0x0008199c       0x16 C:\Users\Alexander\AppData\Local\Temp\VMBuilds\SD-reader\arduino_due_x_dbg\Debug\VM_DBG\VM_DBG.cpp.o
                0x0008199c                VisualMicroDebug::OnBreakPointBegin(unsigned long)
 *fill*         0x000819b2        0x2 
 .text._ZN16VisualMicroDebug22OnBreakPointPrintBeginEh
                0x000819b4       0x6c C:\Users\Alexander\AppData\Local\Temp\VMBuilds\SD-reader\arduino_due_x_dbg\Debug\VM_DBG\VM_DBG.cpp.o
                0x000819b4                VisualMicroDebug::OnBreakPointPrintBegin(unsigned char)
 .text._ZN16VisualMicroDebug20OnBreakPointPrintEndEv
                0x00081a20        0xc C:\Users\Alexander\AppData\Local\Temp\VMBuilds\SD-reader\arduino_due_x_dbg\Debug\VM_DBG\VM_DBG.cpp.o
                0x00081a20                VisualMicroDebug::OnBreakPointPrintEnd()
 .text._ZN16VisualMicroDebug15OnBreakPointEndEv
                0x00081a2c        0xc C:\Users\Alexander\AppData\Local\Temp\VMBuilds\SD-reader\arduino_due_x_dbg\Debug\VM_DBG\VM_DBG.cpp.o
                0x00081a2c                VisualMicroDebug::OnBreakPointEnd()
 .text._ZN16VisualMicroDebug14outPacketStartEb
                0x00081a38        0x4 C:\Users\Alexander\AppData\Local\Temp\VMBuilds\SD-reader\arduino_due_x_dbg\Debug\VM_DBG\VM_DBG.cpp.o
                0x00081a38                VisualMicroDebug::outPacketStart(bool)
 .text._ZN16VisualMicroDebug12outPacketEndEv
                0x00081a3c        0x2 C:\Users\Alexander\AppData\Local\Temp\VMBuilds\SD-reader\arduino_due_x_dbg\Debug\VM_DBG\VM_DBG.cpp.o
                0x00081a3c                VisualMicroDebug::outPacketEnd()
 .text._ZN16VisualMicroDebug4initEm
                0x00081a3e        0xe C:\Users\Alexander\AppData\Local\Temp\VMBuilds\SD-reader\arduino_due_x_dbg\Debug\VM_DBG\VM_DBG.cpp.o
                0x00081a3e                VisualMicroDebug::init(unsigned long)
 .text._ZN16VisualMicroDebug5beginEP9UARTClassm
                0x00081a4c       0x10 C:\Users\Alexander\AppData\Local\Temp\VMBuilds\SD-reader\arduino_due_x_dbg\Debug\VM_DBG\VM_DBG.cpp.o
                0x00081a4c                VisualMicroDebug::begin(UARTClass*, unsigned long)
 .text._ZN16VisualMicroDebug4readEv
                0x00081a5c        0xe C:\Users\Alexander\AppData\Local\Temp\VMBuilds\SD-reader\arduino_due_x_dbg\Debug\VM_DBG\VM_DBG.cpp.o
                0x00081a5c                VisualMicroDebug::read()
 .text._ZN16VisualMicroDebug9availableEv
                0x00081a6a        0xe C:\Users\Alexander\AppData\Local\Temp\VMBuilds\SD-reader\arduino_due_x_dbg\Debug\VM_DBG\VM_DBG.cpp.o
                0x00081a6a                VisualMicroDebug::available()
 .text._ZN16VisualMicroDebug16sendContinuedACKEh
                0x00081a78       0x34 C:\Users\Alexander\AppData\Local\Temp\VMBuilds\SD-reader\arduino_due_x_dbg\Debug\VM_DBG\VM_DBG.cpp.o
                0x00081a78                VisualMicroDebug::sendContinuedACK(unsigned char)
 .text._ZN16VisualMicroDebug9breakWaitEh
                0x00081aac       0x54 C:\Users\Alexander\AppData\Local\Temp\VMBuilds\SD-reader\arduino_due_x_dbg\Debug\VM_DBG\VM_DBG.cpp.o
                0x00081aac                VisualMicroDebug::breakWait(unsigned char)
 .text._ZN16VisualMicroDebug5startEbb
                0x00081b00       0x26 C:\Users\Alexander\AppData\Local\Temp\VMBuilds\SD-reader\arduino_due_x_dbg\Debug\VM_DBG\VM_DBG.cpp.o
                0x00081b00                VisualMicroDebug::start(bool, bool)
 *fill*         0x00081b26        0x2 
 .text.startup._GLOBAL__sub_I__ZN16VisualMicroDebug16DBG_YieldAndWaitEm
                0x00081b28       0x14 C:\Users\Alexander\AppData\Local\Temp\VMBuilds\SD-reader\arduino_due_x_dbg\Debug\VM_DBG\VM_DBG.cpp.o
 .text._Z11serialEventv
                0x00081b3c        0x2 C:\Users\Alexander\AppData\Local\Temp\VMBuilds\SD-reader\arduino_due_x_dbg\Debug\variant\variant.cpp.o
                0x00081b3c                serialEvent()
 *fill*         0x00081b3e        0x2 
 .text.UART_Handler
                0x00081b40        0xc C:\Users\Alexander\AppData\Local\Temp\VMBuilds\SD-reader\arduino_due_x_dbg\Debug\variant\variant.cpp.o
                0x00081b40                UART_Handler
 .text._Z12serialEvent1v
                0x00081b4c        0x2 C:\Users\Alexander\AppData\Local\Temp\VMBuilds\SD-reader\arduino_due_x_dbg\Debug\variant\variant.cpp.o
                0x00081b4c                serialEvent1()
 .text._Z12serialEvent2v
                0x00081b4e        0x2 C:\Users\Alexander\AppData\Local\Temp\VMBuilds\SD-reader\arduino_due_x_dbg\Debug\variant\variant.cpp.o
                0x00081b4e                serialEvent2()
 .text._Z12serialEvent3v
                0x00081b50        0x2 C:\Users\Alexander\AppData\Local\Temp\VMBuilds\SD-reader\arduino_due_x_dbg\Debug\variant\variant.cpp.o
                0x00081b50                serialEvent3()
 *fill*         0x00081b52        0x2 
 .text.USART0_Handler
                0x00081b54        0xc C:\Users\Alexander\AppData\Local\Temp\VMBuilds\SD-reader\arduino_due_x_dbg\Debug\variant\variant.cpp.o
                0x00081b54                USART0_Handler
 .text.USART1_Handler
                0x00081b60        0xc C:\Users\Alexander\AppData\Local\Temp\VMBuilds\SD-reader\arduino_due_x_dbg\Debug\variant\variant.cpp.o
                0x00081b60                USART1_Handler
 .text.USART3_Handler
                0x00081b6c        0xc C:\Users\Alexander\AppData\Local\Temp\VMBuilds\SD-reader\arduino_due_x_dbg\Debug\variant\variant.cpp.o
                0x00081b6c                USART3_Handler
 .text.init     0x00081b78      0x128 C:\Users\Alexander\AppData\Local\Temp\VMBuilds\SD-reader\arduino_due_x_dbg\Debug\variant\variant.cpp.o
                0x00081b78                init
 .text.startup._GLOBAL__sub_I_g_APinDescription
                0x00081ca0       0xd4 C:\Users\Alexander\AppData\Local\Temp\VMBuilds\SD-reader\arduino_due_x_dbg\Debug\variant\variant.cpp.o
 .text._Z14serialEventRunv
                0x00081d74       0x44 C:\Users\Alexander\AppData\Local\Temp\VMBuilds\SD-reader\arduino_due_x_dbg\Debug\variant\variant.cpp.o
                0x00081d74                serialEventRun()
 .text.PIO_PullUp
                0x00081db8        0xa C:\Users\Alexander\AppData\Local\arduino15\packages\arduino\hardware\sam\1.6.11\variants\arduino_due_x/libsam_sam3x8e_gcc_rel.a(pio.o)
                0x00081db8                PIO_PullUp
 .text.PIO_SetPeripheral
                0x00081dc2       0x26 C:\Users\Alexander\AppData\Local\arduino15\packages\arduino\hardware\sam\1.6.11\variants\arduino_due_x/libsam_sam3x8e_gcc_rel.a(pio.o)
                0x00081dc2                PIO_SetPeripheral
 .text.PIO_SetInput
                0x00081de8       0x26 C:\Users\Alexander\AppData\Local\arduino15\packages\arduino\hardware\sam\1.6.11\variants\arduino_due_x/libsam_sam3x8e_gcc_rel.a(pio.o)
                0x00081de8                PIO_SetInput
 .text.PIO_SetOutput
                0x00081e0e       0x24 C:\Users\Alexander\AppData\Local\arduino15\packages\arduino\hardware\sam\1.6.11\variants\arduino_due_x/libsam_sam3x8e_gcc_rel.a(pio.o)
                0x00081e0e                PIO_SetOutput
 *fill*         0x00081e32        0x2 
 .text.PIO_Configure
                0x00081e34       0x64 C:\Users\Alexander\AppData\Local\arduino15\packages\arduino\hardware\sam\1.6.11\variants\arduino_due_x/libsam_sam3x8e_gcc_rel.a(pio.o)
                0x00081e34                PIO_Configure
 .text.PIO_GetOutputDataStatus
                0x00081e98       0x14 C:\Users\Alexander\AppData\Local\arduino15\packages\arduino\hardware\sam\1.6.11\variants\arduino_due_x/libsam_sam3x8e_gcc_rel.a(pio.o)
                0x00081e98                PIO_GetOutputDataStatus
 .text.pmc_enable_upll_clock
                0x00081eac       0x14 C:\Users\Alexander\AppData\Local\arduino15\packages\arduino\hardware\sam\1.6.11\variants\arduino_due_x/libsam_sam3x8e_gcc_rel.a(pmc.o)
                0x00081eac                pmc_enable_upll_clock
 .text.pmc_enable_periph_clk
                0x00081ec0       0x44 C:\Users\Alexander\AppData\Local\arduino15\packages\arduino\hardware\sam\1.6.11\variants\arduino_due_x/libsam_sam3x8e_gcc_rel.a(pmc.o)
                0x00081ec0                pmc_enable_periph_clk
 .text.pmc_disable_periph_clk
                0x00081f04       0x40 C:\Users\Alexander\AppData\Local\arduino15\packages\arduino\hardware\sam\1.6.11\variants\arduino_due_x/libsam_sam3x8e_gcc_rel.a(pmc.o)
                0x00081f04                pmc_disable_periph_clk
 .text.pmc_switch_udpck_to_upllck
                0x00081f44       0x14 C:\Users\Alexander\AppData\Local\arduino15\packages\arduino\hardware\sam\1.6.11\variants\arduino_due_x/libsam_sam3x8e_gcc_rel.a(pmc.o)
                0x00081f44                pmc_switch_udpck_to_upllck
 .text.pmc_enable_udpck
                0x00081f58        0xc C:\Users\Alexander\AppData\Local\arduino15\packages\arduino\hardware\sam\1.6.11\variants\arduino_due_x/libsam_sam3x8e_gcc_rel.a(pmc.o)
                0x00081f58                pmc_enable_udpck
 .text.SPI_Enable
                0x00081f64        0x6 C:\Users\Alexander\AppData\Local\arduino15\packages\arduino\hardware\sam\1.6.11\variants\arduino_due_x/libsam_sam3x8e_gcc_rel.a(spi.o)
                0x00081f64                SPI_Enable
 *fill*         0x00081f6a        0x2 
 .text.SPI_Configure
                0x00081f6c       0x20 C:\Users\Alexander\AppData\Local\arduino15\packages\arduino\hardware\sam\1.6.11\variants\arduino_due_x/libsam_sam3x8e_gcc_rel.a(spi.o)
                0x00081f6c                SPI_Configure
 .text.SPI_ConfigureNPCS
                0x00081f8c        0x8 C:\Users\Alexander\AppData\Local\arduino15\packages\arduino\hardware\sam\1.6.11\variants\arduino_due_x/libsam_sam3x8e_gcc_rel.a(spi.o)
                0x00081f8c                SPI_ConfigureNPCS
 .text.SystemInit
                0x00081f94       0x88 C:\Users\Alexander\AppData\Local\arduino15\packages\arduino\hardware\sam\1.6.11\variants\arduino_due_x/libsam_sam3x8e_gcc_rel.a(system_sam3xa.o)
                0x00081f94                SystemInit
 .text.Reset_Handler
                0x0008201c       0x78 C:\Users\Alexander\AppData\Local\arduino15\packages\arduino\hardware\sam\1.6.11\variants\arduino_due_x/libsam_sam3x8e_gcc_rel.a(startup_sam3xa.o)
                0x0008201c                Reset_Handler
 .text.adc_init
                0x00082094       0x98 C:\Users\Alexander\AppData\Local\arduino15\packages\arduino\hardware\sam\1.6.11\variants\arduino_due_x/libsam_sam3x8e_gcc_rel.a(adc.o)
                0x00082094                adc_init
 .text.adc_configure_trigger
                0x0008212c        0xe C:\Users\Alexander\AppData\Local\arduino15\packages\arduino\hardware\sam\1.6.11\variants\arduino_due_x/libsam_sam3x8e_gcc_rel.a(adc.o)
                0x0008212c                adc_configure_trigger
 .text.adc_configure_timing
                0x0008213a       0x1a C:\Users\Alexander\AppData\Local\arduino15\packages\arduino\hardware\sam\1.6.11\variants\arduino_due_x/libsam_sam3x8e_gcc_rel.a(adc.o)
                0x0008213a                adc_configure_timing
 .text.adc_start
                0x00082154        0x6 C:\Users\Alexander\AppData\Local\arduino15\packages\arduino\hardware\sam\1.6.11\variants\arduino_due_x/libsam_sam3x8e_gcc_rel.a(adc.o)
                0x00082154                adc_start
 .text.adc_enable_channel
                0x0008215a        0xa C:\Users\Alexander\AppData\Local\arduino15\packages\arduino\hardware\sam\1.6.11\variants\arduino_due_x/libsam_sam3x8e_gcc_rel.a(adc.o)
                0x0008215a                adc_enable_channel
 .text.adc_disable_channel
                0x00082164        0xa C:\Users\Alexander\AppData\Local\arduino15\packages\arduino\hardware\sam\1.6.11\variants\arduino_due_x/libsam_sam3x8e_gcc_rel.a(adc.o)
                0x00082164                adc_disable_channel
 .text.adc_disable_all_channel
                0x0008216e        0x8 C:\Users\Alexander\AppData\Local\arduino15\packages\arduino\hardware\sam\1.6.11\variants\arduino_due_x/libsam_sam3x8e_gcc_rel.a(adc.o)
                0x0008216e                adc_disable_all_channel
 .text.adc_get_channel_status
                0x00082176        0xa C:\Users\Alexander\AppData\Local\arduino15\packages\arduino\hardware\sam\1.6.11\variants\arduino_due_x/libsam_sam3x8e_gcc_rel.a(adc.o)
                0x00082176                adc_get_channel_status
 .text.adc_get_latest_value
                0x00082180        0x4 C:\Users\Alexander\AppData\Local\arduino15\packages\arduino\hardware\sam\1.6.11\variants\arduino_due_x/libsam_sam3x8e_gcc_rel.a(adc.o)
                0x00082180                adc_get_latest_value
 .text.adc_disable_interrupt
                0x00082184        0x4 C:\Users\Alexander\AppData\Local\arduino15\packages\arduino\hardware\sam\1.6.11\variants\arduino_due_x/libsam_sam3x8e_gcc_rel.a(adc.o)
                0x00082184                adc_disable_interrupt
 .text.adc_get_status
                0x00082188        0x4 C:\Users\Alexander\AppData\Local\arduino15\packages\arduino\hardware\sam\1.6.11\variants\arduino_due_x/libsam_sam3x8e_gcc_rel.a(adc.o)
                0x00082188                adc_get_status
 .text.UOTGHS_Handler
                0x0008218c       0x10 C:\Users\Alexander\AppData\Local\arduino15\packages\arduino\hardware\sam\1.6.11\variants\arduino_due_x/libsam_sam3x8e_gcc_rel.a(uotghs.o)
                0x0008218c                UOTGHS_Handler
 .text.__halt   0x0008219c        0x2 C:\Users\Alexander\AppData\Local\Temp\VMBuilds\SD-reader\arduino_due_x_dbg\Debug/core.a(cortex_handlers.c.o)
                0x0008219c                DACC_Handler
                0x0008219c                DebugMon_Handler
                0x0008219c                DMAC_Handler
                0x0008219c                TRNG_Handler
                0x0008219c                HardFault_Handler
                0x0008219c                TC2_Handler
                0x0008219c                TWI1_Handler
                0x0008219c                NMI_Handler
                0x0008219c                TC7_Handler
                0x0008219c                ADC_Handler
                0x0008219c                SMC_Handler
                0x0008219c                RTT_Handler
                0x0008219c                EFC1_Handler
                0x0008219c                PIOB_Handler
                0x0008219c                RTC_Handler
                0x0008219c                UsageFault_Handler
                0x0008219c                TC6_Handler
                0x0008219c                WDT_Handler
                0x0008219c                CAN0_Handler
                0x0008219c                TC4_Handler
                0x0008219c                TC1_Handler
                0x0008219c                HSMCI_Handler
                0x0008219c                TC3_Handler
                0x0008219c                TWI0_Handler
                0x0008219c                PIOA_Handler
                0x0008219c                SSC_Handler
                0x0008219c                EFC0_Handler
                0x0008219c                PMC_Handler
                0x0008219c                PWM_Handler
                0x0008219c                CAN1_Handler
                0x0008219c                MemManage_Handler
                0x0008219c                SUPC_Handler
                0x0008219c                TC8_Handler
                0x0008219c                USART2_Handler
                0x0008219c                PIOD_Handler
                0x0008219c                EMAC_Handler
                0x0008219c                PIOC_Handler
                0x0008219c                BusFault_Handler
                0x0008219c                RSTC_Handler
                0x0008219c                TC0_Handler
                0x0008219c                TC5_Handler
                0x0008219c                SPI0_Handler
 .text.SVC_Handler
                0x0008219e        0x4 C:\Users\Alexander\AppData\Local\Temp\VMBuilds\SD-reader\arduino_due_x_dbg\Debug/core.a(cortex_handlers.c.o)
                0x0008219e                SVC_Handler
 .text.PendSV_Handler
                0x000821a2        0x4 C:\Users\Alexander\AppData\Local\Temp\VMBuilds\SD-reader\arduino_due_x_dbg\Debug/core.a(cortex_handlers.c.o)
                0x000821a2                PendSV_Handler
 .text.SysTick_Handler
                0x000821a6       0x16 C:\Users\Alexander\AppData\Local\Temp\VMBuilds\SD-reader\arduino_due_x_dbg\Debug/core.a(cortex_handlers.c.o)
                0x000821a6                SysTick_Handler
 .text.__empty  0x000821bc        0x2 C:\Users\Alexander\AppData\Local\Temp\VMBuilds\SD-reader\arduino_due_x_dbg\Debug/core.a(hooks.c.o)
                0x000821bc                yield
 .text.__false  0x000821be        0x4 C:\Users\Alexander\AppData\Local\Temp\VMBuilds\SD-reader\arduino_due_x_dbg\Debug/core.a(hooks.c.o)
                0x000821be                sysTickHook
 .text.__halt   0x000821c2        0x2 C:\Users\Alexander\AppData\Local\Temp\VMBuilds\SD-reader\arduino_due_x_dbg\Debug/core.a(hooks.c.o)
                0x000821c2                svcHook
                0x000821c2                pendSVHook
 .text._sbrk    0x000821c4       0x1c C:\Users\Alexander\AppData\Local\Temp\VMBuilds\SD-reader\arduino_due_x_dbg\Debug/core.a(syscalls_sam3.c.o)
                0x000821c4                _sbrk
 .text.link     0x000821e0        0x6 C:\Users\Alexander\AppData\Local\Temp\VMBuilds\SD-reader\arduino_due_x_dbg\Debug/core.a(syscalls_sam3.c.o)
                0x000821e0                link
 .text._close   0x000821e6        0x6 C:\Users\Alexander\AppData\Local\Temp\VMBuilds\SD-reader\arduino_due_x_dbg\Debug/core.a(syscalls_sam3.c.o)
                0x000821e6                _close
 .text._fstat   0x000821ec        0xa C:\Users\Alexander\AppData\Local\Temp\VMBuilds\SD-reader\arduino_due_x_dbg\Debug/core.a(syscalls_sam3.c.o)
                0x000821ec                _fstat
 .text._isatty  0x000821f6        0x4 C:\Users\Alexander\AppData\Local\Temp\VMBuilds\SD-reader\arduino_due_x_dbg\Debug/core.a(syscalls_sam3.c.o)
                0x000821f6                _isatty
 .text._lseek   0x000821fa        0x4 C:\Users\Alexander\AppData\Local\Temp\VMBuilds\SD-reader\arduino_due_x_dbg\Debug/core.a(syscalls_sam3.c.o)
                0x000821fa                _lseek
 .text._read    0x000821fe        0x4 C:\Users\Alexander\AppData\Local\Temp\VMBuilds\SD-reader\arduino_due_x_dbg\Debug/core.a(syscalls_sam3.c.o)
                0x000821fe                _read
 *fill*         0x00082202        0x2 
 .text._write   0x00082204       0x24 C:\Users\Alexander\AppData\Local\Temp\VMBuilds\SD-reader\arduino_due_x_dbg\Debug/core.a(syscalls_sam3.c.o)
                0x00082204                _write
 .text._exit    0x00082228       0x10 C:\Users\Alexander\AppData\Local\Temp\VMBuilds\SD-reader\arduino_due_x_dbg\Debug/core.a(syscalls_sam3.c.o)
                0x00082228                _exit
 .text._kill    0x00082238        0x2 C:\Users\Alexander\AppData\Local\Temp\VMBuilds\SD-reader\arduino_due_x_dbg\Debug/core.a(syscalls_sam3.c.o)
                0x00082238                _kill
 .text._getpid  0x0008223a        0x6 C:\Users\Alexander\AppData\Local\Temp\VMBuilds\SD-reader\arduino_due_x_dbg\Debug/core.a(syscalls_sam3.c.o)
                0x0008223a                _getpid
 .text.millis   0x00082240        0x4 C:\Users\Alexander\AppData\Local\Temp\VMBuilds\SD-reader\arduino_due_x_dbg\Debug/core.a(wiring.c.o)
                0x00082240                millis
 .text.delay    0x00082244       0x1c C:\Users\Alexander\AppData\Local\Temp\VMBuilds\SD-reader\arduino_due_x_dbg\Debug/core.a(wiring.c.o)
                0x00082244                delay
 .text.mapResolution
                0x00082260       0x12 C:\Users\Alexander\AppData\Local\Temp\VMBuilds\SD-reader\arduino_due_x_dbg\Debug/core.a(wiring_analog.c.o)
 *fill*         0x00082272        0x2 
 .text.analogRead
                0x00082274       0x9c C:\Users\Alexander\AppData\Local\Temp\VMBuilds\SD-reader\arduino_due_x_dbg\Debug/core.a(wiring_analog.c.o)
                0x00082274                analogRead
 .text.analogOutputInit
                0x00082310        0x2 C:\Users\Alexander\AppData\Local\Temp\VMBuilds\SD-reader\arduino_due_x_dbg\Debug/core.a(wiring_analog.c.o)
                0x00082310                analogOutputInit
 *fill*         0x00082312        0x2 
 .text.pinMode  0x00082314      0x108 C:\Users\Alexander\AppData\Local\Temp\VMBuilds\SD-reader\arduino_due_x_dbg\Debug/core.a(wiring_digital.c.o)
                0x00082314                pinMode
 .text.digitalWrite
                0x0008241c       0x70 C:\Users\Alexander\AppData\Local\Temp\VMBuilds\SD-reader\arduino_due_x_dbg\Debug/core.a(wiring_digital.c.o)
                0x0008241c                digitalWrite
 .text.initVariant
                0x0008248c        0x2 C:\Users\Alexander\AppData\Local\Temp\VMBuilds\SD-reader\arduino_due_x_dbg\Debug/core.a(main.cpp.o)
                0x0008248c                initVariant
 *fill*         0x0008248e        0x2 
 .text.startup.main
                0x00082490       0x38 C:\Users\Alexander\AppData\Local\Temp\VMBuilds\SD-reader\arduino_due_x_dbg\Debug/core.a(main.cpp.o)
                0x00082490                main
 .text._ZN5Print5writeEPKhj
                0x000824c8       0x22 C:\Users\Alexander\AppData\Local\Temp\VMBuilds\SD-reader\arduino_due_x_dbg\Debug/core.a(Print.cpp.o)
                0x000824c8                Print::write(unsigned char const*, unsigned int)
 .text._ZN5Print5printEmi.part.3
                0x000824ea        0xc C:\Users\Alexander\AppData\Local\Temp\VMBuilds\SD-reader\arduino_due_x_dbg\Debug/core.a(Print.cpp.o)
 .text._ZN5Print5writeEPKc
                0x000824f6       0x1e C:\Users\Alexander\AppData\Local\Temp\VMBuilds\SD-reader\arduino_due_x_dbg\Debug/core.a(Print.cpp.o)
                0x000824f6                Print::write(char const*)
 .text._ZN5Print5printEPKc
                0x00082514        0x8 C:\Users\Alexander\AppData\Local\Temp\VMBuilds\SD-reader\arduino_due_x_dbg\Debug/core.a(Print.cpp.o)
                0x00082514                Print::print(char const*)
 .text._ZN5Print5printEc
                0x0008251c        0xa C:\Users\Alexander\AppData\Local\Temp\VMBuilds\SD-reader\arduino_due_x_dbg\Debug/core.a(Print.cpp.o)
                0x0008251c                Print::print(char)
 *fill*         0x00082526        0x2 
 .text._ZN5Print7printlnEv
                0x00082528       0x10 C:\Users\Alexander\AppData\Local\Temp\VMBuilds\SD-reader\arduino_due_x_dbg\Debug/core.a(Print.cpp.o)
                0x00082528                Print::println()
 .text._ZN5Print7printlnEPKc
                0x00082538       0x14 C:\Users\Alexander\AppData\Local\Temp\VMBuilds\SD-reader\arduino_due_x_dbg\Debug/core.a(Print.cpp.o)
                0x00082538                Print::println(char const*)
 .text._ZN5Print11printNumberEmh
                0x0008254c       0x3e C:\Users\Alexander\AppData\Local\Temp\VMBuilds\SD-reader\arduino_due_x_dbg\Debug/core.a(Print.cpp.o)
                0x0008254c                Print::printNumber(unsigned long, unsigned char)
 .text._ZN5Print5printEli
                0x0008258a       0x3c C:\Users\Alexander\AppData\Local\Temp\VMBuilds\SD-reader\arduino_due_x_dbg\Debug/core.a(Print.cpp.o)
                0x0008258a                Print::print(long, int)
 .text._ZN5Print7printlnEii
                0x000825c6       0x14 C:\Users\Alexander\AppData\Local\Temp\VMBuilds\SD-reader\arduino_due_x_dbg\Debug/core.a(Print.cpp.o)
                0x000825c6                Print::println(int, int)
 .text._ZN5Print5printEmi
                0x000825da        0xc C:\Users\Alexander\AppData\Local\Temp\VMBuilds\SD-reader\arduino_due_x_dbg\Debug/core.a(Print.cpp.o)
                0x000825da                Print::print(unsigned long, int)
 .text._ZN5Print5printEhi
                0x000825e6        0x4 C:\Users\Alexander\AppData\Local\Temp\VMBuilds\SD-reader\arduino_due_x_dbg\Debug/core.a(Print.cpp.o)
                0x000825e6                Print::print(unsigned char, int)
 *fill*         0x000825ea        0x2 
 .text.initiateReset
                0x000825ec        0xc C:\Users\Alexander\AppData\Local\Temp\VMBuilds\SD-reader\arduino_due_x_dbg\Debug/core.a(Reset.cpp.o)
                0x000825ec                initiateReset
 .text.cancelReset
                0x000825f8       0x10 C:\Users\Alexander\AppData\Local\Temp\VMBuilds\SD-reader\arduino_due_x_dbg\Debug/core.a(Reset.cpp.o)
                0x000825f8                cancelReset
 .text.tickReset
                0x00082608       0x20 C:\Users\Alexander\AppData\Local\Temp\VMBuilds\SD-reader\arduino_due_x_dbg\Debug/core.a(Reset.cpp.o)
                0x00082608                tickReset
 .text._ZN10RingBufferC2Ev
                0x00082628       0x1a C:\Users\Alexander\AppData\Local\Temp\VMBuilds\SD-reader\arduino_due_x_dbg\Debug/core.a(RingBuffer.cpp.o)
                0x00082628                RingBuffer::RingBuffer()
                0x00082628                RingBuffer::RingBuffer()
 .text._ZN10RingBuffer10store_charEh
                0x00082642       0x1e C:\Users\Alexander\AppData\Local\Temp\VMBuilds\SD-reader\arduino_due_x_dbg\Debug/core.a(RingBuffer.cpp.o)
                0x00082642                RingBuffer::store_char(unsigned char)
 .text._ZN9UARTClasscvbEv
                0x00082660        0x4 C:\Users\Alexander\AppData\Local\Temp\VMBuilds\SD-reader\arduino_due_x_dbg\Debug/core.a(UARTClass.cpp.o)
                0x00082660                UARTClass::operator bool()
 .text._ZN9UARTClass9availableEv
                0x00082664       0x12 C:\Users\Alexander\AppData\Local\Temp\VMBuilds\SD-reader\arduino_due_x_dbg\Debug/core.a(UARTClass.cpp.o)
                0x00082664                UARTClass::available()
 .text._ZN9UARTClass4peekEv
                0x00082676       0x1c C:\Users\Alexander\AppData\Local\Temp\VMBuilds\SD-reader\arduino_due_x_dbg\Debug/core.a(UARTClass.cpp.o)
                0x00082676                UARTClass::peek()
 .text._ZN9UARTClass4readEv
                0x00082692       0x2a C:\Users\Alexander\AppData\Local\Temp\VMBuilds\SD-reader\arduino_due_x_dbg\Debug/core.a(UARTClass.cpp.o)
                0x00082692                UARTClass::read()
 .text._ZN9UARTClass5flushEv
                0x000826bc       0x18 C:\Users\Alexander\AppData\Local\Temp\VMBuilds\SD-reader\arduino_due_x_dbg\Debug/core.a(UARTClass.cpp.o)
                0x000826bc                UARTClass::flush()
 .text._ZN9UARTClass5writeEh
                0x000826d4       0x54 C:\Users\Alexander\AppData\Local\Temp\VMBuilds\SD-reader\arduino_due_x_dbg\Debug/core.a(UARTClass.cpp.o)
                0x000826d4                UARTClass::write(unsigned char)
 .text._ZN9UARTClass3endEv
                0x00082728       0x3c C:\Users\Alexander\AppData\Local\Temp\VMBuilds\SD-reader\arduino_due_x_dbg\Debug/core.a(UARTClass.cpp.o)
                0x00082728                UARTClass::end()
 .text._ZN9UARTClassC2EP4Uart4IRQnmP10RingBufferS4_
                0x00082764       0x24 C:\Users\Alexander\AppData\Local\Temp\VMBuilds\SD-reader\arduino_due_x_dbg\Debug/core.a(UARTClass.cpp.o)
                0x00082764                UARTClass::UARTClass(Uart*, IRQn, unsigned long, RingBuffer*, RingBuffer*)
                0x00082764                UARTClass::UARTClass(Uart*, IRQn, unsigned long, RingBuffer*, RingBuffer*)
 .text._ZN9UARTClass4initEmm
                0x00082788       0x70 C:\Users\Alexander\AppData\Local\Temp\VMBuilds\SD-reader\arduino_due_x_dbg\Debug/core.a(UARTClass.cpp.o)
                0x00082788                UARTClass::init(unsigned long, unsigned long)
 .text._ZN9UARTClass5beginEm
                0x000827f8        0x8 C:\Users\Alexander\AppData\Local\Temp\VMBuilds\SD-reader\arduino_due_x_dbg\Debug/core.a(UARTClass.cpp.o)
                0x000827f8                UARTClass::begin(unsigned long)
 .text._ZN9UARTClass10IrqHandlerEv
                0x00082800       0x5a C:\Users\Alexander\AppData\Local\Temp\VMBuilds\SD-reader\arduino_due_x_dbg\Debug/core.a(UARTClass.cpp.o)
                0x00082800                UARTClass::IrqHandler()
 .text._ZN10USARTClass5beginEm
                0x0008285a        0x8 C:\Users\Alexander\AppData\Local\Temp\VMBuilds\SD-reader\arduino_due_x_dbg\Debug/core.a(USARTClass.cpp.o)
                0x0008285a                USARTClass::begin(unsigned long)
 *fill*         0x00082862        0x2 
 .text._ZN10USARTClassC2EP5Usart4IRQnmP10RingBufferS4_
                0x00082864       0x24 C:\Users\Alexander\AppData\Local\Temp\VMBuilds\SD-reader\arduino_due_x_dbg\Debug/core.a(USARTClass.cpp.o)
                0x00082864                USARTClass::USARTClass(Usart*, IRQn, unsigned long, RingBuffer*, RingBuffer*)
                0x00082864                USARTClass::USARTClass(Usart*, IRQn, unsigned long, RingBuffer*, RingBuffer*)
 .text._watchdogDefaultSetup
                0x00082888        0xc C:\Users\Alexander\AppData\Local\Temp\VMBuilds\SD-reader\arduino_due_x_dbg\Debug/core.a(watchdog.cpp.o)
                0x00082888                _watchdogDefaultSetup
                0x00082888                watchdogSetup()
 .text.unlikely._ZL11USB_SendZlpv
                0x00082894       0x20 C:\Users\Alexander\AppData\Local\Temp\VMBuilds\SD-reader\arduino_due_x_dbg\Debug/core.a(USBCore.cpp.o)
 .text._Z14USBD_Availablem
                0x000828b4       0x2c C:\Users\Alexander\AppData\Local\Temp\VMBuilds\SD-reader\arduino_due_x_dbg\Debug/core.a(USBCore.cpp.o)
                0x000828b4                USBD_Available(unsigned long)
 .text._Z9USBD_RecvmPvm
                0x000828e0       0x7c C:\Users\Alexander\AppData\Local\Temp\VMBuilds\SD-reader\arduino_due_x_dbg\Debug/core.a(USBCore.cpp.o)
                0x000828e0                USBD_Recv(unsigned long, void*, unsigned long)
 .text._Z9USBD_Recvm
                0x0008295c       0x22 C:\Users\Alexander\AppData\Local\Temp\VMBuilds\SD-reader\arduino_due_x_dbg\Debug/core.a(USBCore.cpp.o)
                0x0008295c                USBD_Recv(unsigned long)
 *fill*         0x0008297e        0x2 
 .text._Z9USBD_SendmPKvm
                0x00082980       0x4c C:\Users\Alexander\AppData\Local\Temp\VMBuilds\SD-reader\arduino_due_x_dbg\Debug/core.a(USBCore.cpp.o)
                0x00082980                USBD_Send(unsigned long, void const*, unsigned long)
 .text._Z16USBD_SendControlhPKvm
                0x000829cc       0x40 C:\Users\Alexander\AppData\Local\Temp\VMBuilds\SD-reader\arduino_due_x_dbg\Debug/core.a(USBCore.cpp.o)
                0x000829cc                USBD_SendControl(unsigned char, void const*, unsigned long)
 .text.unlikely._ZL24USB_SendStringDescriptorPKhi
                0x00082a0c       0x64 C:\Users\Alexander\AppData\Local\Temp\VMBuilds\SD-reader\arduino_due_x_dbg\Debug/core.a(USBCore.cpp.o)
 .text._Z16USBD_RecvControlPvm
                0x00082a70       0x1c C:\Users\Alexander\AppData\Local\Temp\VMBuilds\SD-reader\arduino_due_x_dbg\Debug/core.a(USBCore.cpp.o)
                0x00082a70                USBD_RecvControl(void*, unsigned long)
 .text._Z26USBD_ClassInterfaceRequestR8USBSetup
                0x00082a8c       0x1e C:\Users\Alexander\AppData\Local\Temp\VMBuilds\SD-reader\arduino_due_x_dbg\Debug/core.a(USBCore.cpp.o)
                0x00082a8c                USBD_ClassInterfaceRequest(USBSetup&)
 .text._Z19USBD_SendInterfacesv
                0x00082aaa       0x22 C:\Users\Alexander\AppData\Local\Temp\VMBuilds\SD-reader\arduino_due_x_dbg\Debug/core.a(USBCore.cpp.o)
                0x00082aaa                USBD_SendInterfaces()
 .text._Z24USBD_SendOtherInterfacesv
                0x00082acc       0x22 C:\Users\Alexander\AppData\Local\Temp\VMBuilds\SD-reader\arduino_due_x_dbg\Debug/core.a(USBCore.cpp.o)
                0x00082acc                USBD_SendOtherInterfaces()
 .text._Z10USBD_Flushm
                0x00082aee       0x16 C:\Users\Alexander\AppData\Local\Temp\VMBuilds\SD-reader\arduino_due_x_dbg\Debug/core.a(USBCore.cpp.o)
                0x00082aee                USBD_Flush(unsigned long)
 .text._ZN10USBDevice_C2Ev
                0x00082b04       0x24 C:\Users\Alexander\AppData\Local\Temp\VMBuilds\SD-reader\arduino_due_x_dbg\Debug/core.a(USBCore.cpp.o)
                0x00082b04                USBDevice_::USBDevice_()
                0x00082b04                USBDevice_::USBDevice_()
 .text._ZN10USBDevice_6attachEv
                0x00082b28       0x20 C:\Users\Alexander\AppData\Local\Temp\VMBuilds\SD-reader\arduino_due_x_dbg\Debug/core.a(USBCore.cpp.o)
                0x00082b28                USBDevice_::attach()
 .text.startup._GLOBAL__sub_I_EndPoints
                0x00082b48        0xc C:\Users\Alexander\AppData\Local\Temp\VMBuilds\SD-reader\arduino_due_x_dbg\Debug/core.a(USBCore.cpp.o)
 .text._ZL7USB_ISRv
                0x00082b54      0x454 C:\Users\Alexander\AppData\Local\Temp\VMBuilds\SD-reader\arduino_due_x_dbg\Debug/core.a(USBCore.cpp.o)
 .text._ZN7Serial_9availableEv
                0x00082fa8       0x18 C:\Users\Alexander\AppData\Local\Temp\VMBuilds\SD-reader\arduino_due_x_dbg\Debug/core.a(CDC.cpp.o)
                0x00082fa8                Serial_::available()
 .text._ZN7Serial_17availableForWriteEv
                0x00082fc0        0x6 C:\Users\Alexander\AppData\Local\Temp\VMBuilds\SD-reader\arduino_due_x_dbg\Debug/core.a(CDC.cpp.o)
                0x00082fc0                Serial_::availableForWrite()
 *fill*         0x00082fc6        0x2 
 .text._ZN7Serial_4peekEv
                0x00082fc8       0x20 C:\Users\Alexander\AppData\Local\Temp\VMBuilds\SD-reader\arduino_due_x_dbg\Debug/core.a(CDC.cpp.o)
                0x00082fc8                Serial_::peek()
 .text._ZN7Serial_5writeEh
                0x00082fe8       0x16 C:\Users\Alexander\AppData\Local\Temp\VMBuilds\SD-reader\arduino_due_x_dbg\Debug/core.a(CDC.cpp.o)
                0x00082fe8                Serial_::write(unsigned char)
 *fill*         0x00082ffe        0x2 
 .text._ZN7Serial_4readEv
                0x00083000       0x44 C:\Users\Alexander\AppData\Local\Temp\VMBuilds\SD-reader\arduino_due_x_dbg\Debug/core.a(CDC.cpp.o)
                0x00083000                Serial_::read()
 .text._ZN7Serial_5flushEv
                0x00083044        0x6 C:\Users\Alexander\AppData\Local\Temp\VMBuilds\SD-reader\arduino_due_x_dbg\Debug/core.a(CDC.cpp.o)
                0x00083044                Serial_::flush()
 *fill*         0x0008304a        0x2 
 .text._ZN7Serial_6acceptEv
                0x0008304c       0x70 C:\Users\Alexander\AppData\Local\Temp\VMBuilds\SD-reader\arduino_due_x_dbg\Debug/core.a(CDC.cpp.o)
                0x0008304c                Serial_::accept()
 .text._ZN7Serial_5writeEPKhj
                0x000830bc       0x2c C:\Users\Alexander\AppData\Local\Temp\VMBuilds\SD-reader\arduino_due_x_dbg\Debug/core.a(CDC.cpp.o)
                0x000830bc                Serial_::write(unsigned char const*, unsigned int)
 .text._Z16CDC_GetInterfacePh
                0x000830e8       0x14 C:\Users\Alexander\AppData\Local\Temp\VMBuilds\SD-reader\arduino_due_x_dbg\Debug/core.a(CDC.cpp.o)
                0x000830e8                CDC_GetInterface(unsigned char*)
 .text._Z21CDC_GetOtherInterfacePh
                0x000830fc       0x14 C:\Users\Alexander\AppData\Local\Temp\VMBuilds\SD-reader\arduino_due_x_dbg\Debug/core.a(CDC.cpp.o)
                0x000830fc                CDC_GetOtherInterface(unsigned char*)
 .text._Z9CDC_SetupR8USBSetup
                0x00083110       0x78 C:\Users\Alexander\AppData\Local\Temp\VMBuilds\SD-reader\arduino_due_x_dbg\Debug/core.a(CDC.cpp.o)
                0x00083110                CDC_Setup(USBSetup&)
 .text.startup._GLOBAL__sub_I_cdc_rx_buffer
                0x00083188       0x1c C:\Users\Alexander\AppData\Local\Temp\VMBuilds\SD-reader\arduino_due_x_dbg\Debug/core.a(CDC.cpp.o)
 .text._ZN13PluggableUSB_12getInterfaceEPh
                0x000831a4       0x28 C:\Users\Alexander\AppData\Local\Temp\VMBuilds\SD-reader\arduino_due_x_dbg\Debug/core.a(PluggableUSB.cpp.o)
                0x000831a4                PluggableUSB_::getInterface(unsigned char*)
 .text._ZN13PluggableUSB_13getDescriptorER8USBSetup
                0x000831cc       0x1c C:\Users\Alexander\AppData\Local\Temp\VMBuilds\SD-reader\arduino_due_x_dbg\Debug/core.a(PluggableUSB.cpp.o)
                0x000831cc                PluggableUSB_::getDescriptor(USBSetup&)
 .text._ZN13PluggableUSB_12getShortNameEPc
                0x000831e8       0x1c C:\Users\Alexander\AppData\Local\Temp\VMBuilds\SD-reader\arduino_due_x_dbg\Debug/core.a(PluggableUSB.cpp.o)
                0x000831e8                PluggableUSB_::getShortName(char*)
 .text._ZN13PluggableUSB_5setupER8USBSetup
                0x00083204       0x20 C:\Users\Alexander\AppData\Local\Temp\VMBuilds\SD-reader\arduino_due_x_dbg\Debug/core.a(PluggableUSB.cpp.o)
                0x00083204                PluggableUSB_::setup(USBSetup&)
 .text._Z12PluggableUSBv
                0x00083224       0x28 C:\Users\Alexander\AppData\Local\Temp\VMBuilds\SD-reader\arduino_due_x_dbg\Debug/core.a(PluggableUSB.cpp.o)
                0x00083224                PluggableUSB()
 .text.TimeTick_Increment
                0x0008324c       0x10 C:\Users\Alexander\AppData\Local\arduino15\packages\arduino\hardware\sam\1.6.11\variants\arduino_due_x/libsam_sam3x8e_gcc_rel.a(timetick.o)
                0x0008324c                TimeTick_Increment
 .text.GetTickCount
                0x0008325c        0xc C:\Users\Alexander\AppData\Local\arduino15\packages\arduino\hardware\sam\1.6.11\variants\arduino_due_x/libsam_sam3x8e_gcc_rel.a(timetick.o)
                0x0008325c                GetTickCount
 .text.WDT_Disable
                0x00083268        0x8 C:\Users\Alexander\AppData\Local\arduino15\packages\arduino\hardware\sam\1.6.11\variants\arduino_due_x/libsam_sam3x8e_gcc_rel.a(wdt.o)
                0x00083268                WDT_Disable
 .text.UDD_SetStack
                0x00083270        0xc C:\Users\Alexander\AppData\Local\arduino15\packages\arduino\hardware\sam\1.6.11\variants\arduino_due_x/libsam_sam3x8e_gcc_rel.a(uotghs_device.o)
                0x00083270                UDD_SetStack
 .text.UDD_Init
                0x0008327c       0xd0 C:\Users\Alexander\AppData\Local\arduino15\packages\arduino\hardware\sam\1.6.11\variants\arduino_due_x/libsam_sam3x8e_gcc_rel.a(uotghs_device.o)
                0x0008327c                UDD_Init
 .text.UDD_Attach
                0x0008334c       0x50 C:\Users\Alexander\AppData\Local\arduino15\packages\arduino\hardware\sam\1.6.11\variants\arduino_due_x/libsam_sam3x8e_gcc_rel.a(uotghs_device.o)
                0x0008334c                UDD_Attach
 .text.UDD_InitEP
                0x0008339c       0x2c C:\Users\Alexander\AppData\Local\arduino15\packages\arduino\hardware\sam\1.6.11\variants\arduino_due_x/libsam_sam3x8e_gcc_rel.a(uotghs_device.o)
                0x0008339c                UDD_InitEP
 .text.UDD_InitEndpoints
                0x000833c8       0x3c C:\Users\Alexander\AppData\Local\arduino15\packages\arduino\hardware\sam\1.6.11\variants\arduino_due_x/libsam_sam3x8e_gcc_rel.a(uotghs_device.o)
                0x000833c8                UDD_InitEndpoints
 .text.UDD_WaitIN
                0x00083404       0x10 C:\Users\Alexander\AppData\Local\arduino15\packages\arduino\hardware\sam\1.6.11\variants\arduino_due_x/libsam_sam3x8e_gcc_rel.a(uotghs_device.o)
                0x00083404                UDD_WaitIN
 .text.UDD_WaitOUT
                0x00083414       0x10 C:\Users\Alexander\AppData\Local\arduino15\packages\arduino\hardware\sam\1.6.11\variants\arduino_due_x/libsam_sam3x8e_gcc_rel.a(uotghs_device.o)
                0x00083414                UDD_WaitOUT
 .text.UDD_ClearIN
                0x00083424       0x18 C:\Users\Alexander\AppData\Local\arduino15\packages\arduino\hardware\sam\1.6.11\variants\arduino_due_x/libsam_sam3x8e_gcc_rel.a(uotghs_device.o)
                0x00083424                UDD_ClearIN
 .text.UDD_ClearOUT
                0x0008343c       0x18 C:\Users\Alexander\AppData\Local\arduino15\packages\arduino\hardware\sam\1.6.11\variants\arduino_due_x/libsam_sam3x8e_gcc_rel.a(uotghs_device.o)
                0x0008343c                UDD_ClearOUT
 .text.UDD_ReceivedSetupInt
                0x00083454       0x10 C:\Users\Alexander\AppData\Local\arduino15\packages\arduino\hardware\sam\1.6.11\variants\arduino_due_x/libsam_sam3x8e_gcc_rel.a(uotghs_device.o)
                0x00083454                UDD_ReceivedSetupInt
 .text.UDD_ClearSetupInt
                0x00083464       0x10 C:\Users\Alexander\AppData\Local\arduino15\packages\arduino\hardware\sam\1.6.11\variants\arduino_due_x/libsam_sam3x8e_gcc_rel.a(uotghs_device.o)
                0x00083464                UDD_ClearSetupInt
 .text.UDD_Send
                0x00083474       0x88 C:\Users\Alexander\AppData\Local\arduino15\packages\arduino\hardware\sam\1.6.11\variants\arduino_due_x/libsam_sam3x8e_gcc_rel.a(uotghs_device.o)
                0x00083474                UDD_Send
 .text.UDD_Send8
                0x000834fc       0x24 C:\Users\Alexander\AppData\Local\arduino15\packages\arduino\hardware\sam\1.6.11\variants\arduino_due_x/libsam_sam3x8e_gcc_rel.a(uotghs_device.o)
                0x000834fc                UDD_Send8
 .text.UDD_Recv8
                0x00083520       0x28 C:\Users\Alexander\AppData\Local\arduino15\packages\arduino\hardware\sam\1.6.11\variants\arduino_due_x/libsam_sam3x8e_gcc_rel.a(uotghs_device.o)
                0x00083520                UDD_Recv8
 .text.UDD_Recv
                0x00083548       0x34 C:\Users\Alexander\AppData\Local\arduino15\packages\arduino\hardware\sam\1.6.11\variants\arduino_due_x/libsam_sam3x8e_gcc_rel.a(uotghs_device.o)
                0x00083548                UDD_Recv
 .text.UDD_Stall
                0x0008357c       0x14 C:\Users\Alexander\AppData\Local\arduino15\packages\arduino\hardware\sam\1.6.11\variants\arduino_due_x/libsam_sam3x8e_gcc_rel.a(uotghs_device.o)
                0x0008357c                UDD_Stall
 .text.UDD_FifoByteCount
                0x00083590       0x14 C:\Users\Alexander\AppData\Local\arduino15\packages\arduino\hardware\sam\1.6.11\variants\arduino_due_x/libsam_sam3x8e_gcc_rel.a(uotghs_device.o)
                0x00083590                UDD_FifoByteCount
 .text.UDD_ReleaseRX
                0x000835a4       0x28 C:\Users\Alexander\AppData\Local\arduino15\packages\arduino\hardware\sam\1.6.11\variants\arduino_due_x/libsam_sam3x8e_gcc_rel.a(uotghs_device.o)
                0x000835a4                UDD_ReleaseRX
 .text.UDD_ReleaseTX
                0x000835cc       0x28 C:\Users\Alexander\AppData\Local\arduino15\packages\arduino\hardware\sam\1.6.11\variants\arduino_due_x/libsam_sam3x8e_gcc_rel.a(uotghs_device.o)
                0x000835cc                UDD_ReleaseTX
 .text.UDD_SetAddress
                0x000835f4       0x20 C:\Users\Alexander\AppData\Local\arduino15\packages\arduino\hardware\sam\1.6.11\variants\arduino_due_x/libsam_sam3x8e_gcc_rel.a(uotghs_device.o)
                0x000835f4                UDD_SetAddress
 .text.__libc_init_array
                0x00083614       0x50 c:/users/alexander/appdata/local/arduino15/packages/arduino/tools/arm-none-eabi-gcc/4.8.3-2014q1/bin/../lib/gcc/arm-none-eabi/4.8.3/../../../../arm-none-eabi/lib/armv7-m\libg.a(lib_a-init.o)
                0x00083614                __libc_init_array
 .text.iprintf  0x00083664       0x28 c:/users/alexander/appdata/local/arduino15/packages/arduino/tools/arm-none-eabi-gcc/4.8.3-2014q1/bin/../lib/gcc/arm-none-eabi/4.8.3/../../../../arm-none-eabi/lib/armv7-m\libg.a(lib_a-iprintf.o)
                0x00083664                iprintf
 .text.malloc   0x0008368c       0x10 c:/users/alexander/appdata/local/arduino15/packages/arduino/tools/arm-none-eabi-gcc/4.8.3-2014q1/bin/../lib/gcc/arm-none-eabi/4.8.3/../../../../arm-none-eabi/lib/armv7-m\libg.a(lib_a-malloc.o)
                0x0008368c                malloc
 .text.free     0x0008369c       0x10 c:/users/alexander/appdata/local/arduino15/packages/arduino/tools/arm-none-eabi-gcc/4.8.3-2014q1/bin/../lib/gcc/arm-none-eabi/4.8.3/../../../../arm-none-eabi/lib/armv7-m\libg.a(lib_a-malloc.o)
                0x0008369c                free
 .text._malloc_r
                0x000836ac      0x538 c:/users/alexander/appdata/local/arduino15/packages/arduino/tools/arm-none-eabi-gcc/4.8.3-2014q1/bin/../lib/gcc/arm-none-eabi/4.8.3/../../../../arm-none-eabi/lib/armv7-m\libg.a(lib_a-mallocr.o)
                0x000836ac                _malloc_r
 .text.memcmp   0x00083be4       0x68 c:/users/alexander/appdata/local/arduino15/packages/arduino/tools/arm-none-eabi-gcc/4.8.3-2014q1/bin/../lib/gcc/arm-none-eabi/4.8.3/../../../../arm-none-eabi/lib/armv7-m\libg.a(lib_a-memcmp.o)
                0x00083be4                memcmp
 .text.memset   0x00083c4c       0x94 c:/users/alexander/appdata/local/arduino15/packages/arduino/tools/arm-none-eabi-gcc/4.8.3-2014q1/bin/../lib/gcc/arm-none-eabi/4.8.3/../../../../arm-none-eabi/lib/armv7-m\libg.a(lib_a-memset.o)
                0x00083c4c                memset
 .text.__malloc_lock
                0x00083ce0        0x4 c:/users/alexander/appdata/local/arduino15/packages/arduino/tools/arm-none-eabi-gcc/4.8.3-2014q1/bin/../lib/gcc/arm-none-eabi/4.8.3/../../../../arm-none-eabi/lib/armv7-m\libg.a(lib_a-mlock.o)
                0x00083ce0                __malloc_lock
 .text.__malloc_unlock
                0x00083ce4        0x4 c:/users/alexander/appdata/local/arduino15/packages/arduino/tools/arm-none-eabi-gcc/4.8.3-2014q1/bin/../lib/gcc/arm-none-eabi/4.8.3/../../../../arm-none-eabi/lib/armv7-m\libg.a(lib_a-mlock.o)
                0x00083ce4                __malloc_unlock
 .text._sbrk_r  0x00083ce8       0x24 c:/users/alexander/appdata/local/arduino15/packages/arduino/tools/arm-none-eabi-gcc/4.8.3-2014q1/bin/../lib/gcc/arm-none-eabi/4.8.3/../../../../arm-none-eabi/lib/armv7-m\libg.a(lib_a-sbrkr.o)
                0x00083ce8                _sbrk_r
 .text.strchr   0x00083d0c       0xf4 c:/users/alexander/appdata/local/arduino15/packages/arduino/tools/arm-none-eabi-gcc/4.8.3-2014q1/bin/../lib/gcc/arm-none-eabi/4.8.3/../../../../arm-none-eabi/lib/armv7-m\libg.a(lib_a-strchr.o)
                0x00083d0c                strchr
 .text.strlen   0x00083e00       0x60 c:/users/alexander/appdata/local/arduino15/packages/arduino/tools/arm-none-eabi-gcc/4.8.3-2014q1/bin/../lib/gcc/arm-none-eabi/4.8.3/../../../../arm-none-eabi/lib/armv7-m\libg.a(lib_a-strlen.o)
                0x00083e00                strlen
 .text.strncpy  0x00083e60       0x64 c:/users/alexander/appdata/local/arduino15/packages/arduino/tools/arm-none-eabi-gcc/4.8.3-2014q1/bin/../lib/gcc/arm-none-eabi/4.8.3/../../../../arm-none-eabi/lib/armv7-m\libg.a(lib_a-strncpy.o)
                0x00083e60                strncpy
 .text.kill     0x00083ec4       0x10 c:/users/alexander/appdata/local/arduino15/packages/arduino/tools/arm-none-eabi-gcc/4.8.3-2014q1/bin/../lib/gcc/arm-none-eabi/4.8.3/../../../../arm-none-eabi/lib/armv7-m\libg.a(lib_a-syskill.o)
                0x00083ec4                kill
 .text.__sprint_r.part.0
                0x00083ed4       0x78 c:/users/alexander/appdata/local/arduino15/packages/arduino/tools/arm-none-eabi-gcc/4.8.3-2014q1/bin/../lib/gcc/arm-none-eabi/4.8.3/../../../../arm-none-eabi/lib/armv7-m\libg.a(lib_a-vfiprintf.o)
 .text._vfiprintf_r
                0x00083f4c      0xc54 c:/users/alexander/appdata/local/arduino15/packages/arduino/tools/arm-none-eabi-gcc/4.8.3-2014q1/bin/../lib/gcc/arm-none-eabi/4.8.3/../../../../arm-none-eabi/lib/armv7-m\libg.a(lib_a-vfiprintf.o)
                0x00083f4c                _vfiprintf_r
 .text.__sbprintf
                0x00084ba0       0x7c c:/users/alexander/appdata/local/arduino15/packages/arduino/tools/arm-none-eabi-gcc/4.8.3-2014q1/bin/../lib/gcc/arm-none-eabi/4.8.3/../../../../arm-none-eabi/lib/armv7-m\libg.a(lib_a-vfiprintf.o)
 .text.__swsetup_r
                0x00084c1c       0xc4 c:/users/alexander/appdata/local/arduino15/packages/arduino/tools/arm-none-eabi-gcc/4.8.3-2014q1/bin/../lib/gcc/arm-none-eabi/4.8.3/../../../../arm-none-eabi/lib/armv7-m\libg.a(lib_a-wsetup.o)
                0x00084c1c                __swsetup_r
 .text.startup.register_fini
                0x00084ce0       0x14 c:/users/alexander/appdata/local/arduino15/packages/arduino/tools/arm-none-eabi-gcc/4.8.3-2014q1/bin/../lib/gcc/arm-none-eabi/4.8.3/../../../../arm-none-eabi/lib/armv7-m\libg.a(lib_a-__call_atexit.o)
 .text.atexit   0x00084cf4        0xc c:/users/alexander/appdata/local/arduino15/packages/arduino/tools/arm-none-eabi-gcc/4.8.3-2014q1/bin/../lib/gcc/arm-none-eabi/4.8.3/../../../../arm-none-eabi/lib/armv7-m\libg.a(lib_a-atexit.o)
                0x00084cf4                atexit
 .text.__sflush_r
                0x00084d00      0x148 c:/users/alexander/appdata/local/arduino15/packages/arduino/tools/arm-none-eabi-gcc/4.8.3-2014q1/bin/../lib/gcc/arm-none-eabi/4.8.3/../../../../arm-none-eabi/lib/armv7-m\libg.a(lib_a-fflush.o)
                0x00084d00                __sflush_r
 .text._fflush_r
                0x00084e48       0x2c c:/users/alexander/appdata/local/arduino15/packages/arduino/tools/arm-none-eabi-gcc/4.8.3-2014q1/bin/../lib/gcc/arm-none-eabi/4.8.3/../../../../arm-none-eabi/lib/armv7-m\libg.a(lib_a-fflush.o)
                0x00084e48                _fflush_r
 .text._cleanup_r
                0x00084e74        0xc c:/users/alexander/appdata/local/arduino15/packages/arduino/tools/arm-none-eabi-gcc/4.8.3-2014q1/bin/../lib/gcc/arm-none-eabi/4.8.3/../../../../arm-none-eabi/lib/armv7-m\libg.a(lib_a-findfp.o)
                0x00084e74                _cleanup_r
 .text.__sinit  0x00084e80       0xf4 c:/users/alexander/appdata/local/arduino15/packages/arduino/tools/arm-none-eabi-gcc/4.8.3-2014q1/bin/../lib/gcc/arm-none-eabi/4.8.3/../../../../arm-none-eabi/lib/armv7-m\libg.a(lib_a-findfp.o)
                0x00084e80                __sinit
 .text.__sfp_lock_acquire
                0x00084f74        0x4 c:/users/alexander/appdata/local/arduino15/packages/arduino/tools/arm-none-eabi-gcc/4.8.3-2014q1/bin/../lib/gcc/arm-none-eabi/4.8.3/../../../../arm-none-eabi/lib/armv7-m\libg.a(lib_a-findfp.o)
                0x00084f74                __sfp_lock_acquire
 .text.__sfp_lock_release
                0x00084f78        0x4 c:/users/alexander/appdata/local/arduino15/packages/arduino/tools/arm-none-eabi-gcc/4.8.3-2014q1/bin/../lib/gcc/arm-none-eabi/4.8.3/../../../../arm-none-eabi/lib/armv7-m\libg.a(lib_a-findfp.o)
                0x00084f78                __sfp_lock_release
 .text.__libc_fini_array
                0x00084f7c       0x30 c:/users/alexander/appdata/local/arduino15/packages/arduino/tools/arm-none-eabi-gcc/4.8.3-2014q1/bin/../lib/gcc/arm-none-eabi/4.8.3/../../../../arm-none-eabi/lib/armv7-m\libg.a(lib_a-fini.o)
                0x00084f7c                __libc_fini_array
 .text._fputwc_r
                0x00084fac       0xc0 c:/users/alexander/appdata/local/arduino15/packages/arduino/tools/arm-none-eabi-gcc/4.8.3-2014q1/bin/../lib/gcc/arm-none-eabi/4.8.3/../../../../arm-none-eabi/lib/armv7-m\libg.a(lib_a-fputwc.o)
                0x00084fac                _fputwc_r
 .text._malloc_trim_r
                0x0008506c       0x9c c:/users/alexander/appdata/local/arduino15/packages/arduino/tools/arm-none-eabi-gcc/4.8.3-2014q1/bin/../lib/gcc/arm-none-eabi/4.8.3/../../../../arm-none-eabi/lib/armv7-m\libg.a(lib_a-freer.o)
                0x0008506c                _malloc_trim_r
 .text._free_r  0x00085108      0x198 c:/users/alexander/appdata/local/arduino15/packages/arduino/tools/arm-none-eabi-gcc/4.8.3-2014q1/bin/../lib/gcc/arm-none-eabi/4.8.3/../../../../arm-none-eabi/lib/armv7-m\libg.a(lib_a-freer.o)
                0x00085108                _free_r
 .text.__sfvwrite_r
                0x000852a0      0x314 c:/users/alexander/appdata/local/arduino15/packages/arduino/tools/arm-none-eabi-gcc/4.8.3-2014q1/bin/../lib/gcc/arm-none-eabi/4.8.3/../../../../arm-none-eabi/lib/armv7-m\libg.a(lib_a-fvwrite.o)
                0x000852a0                __sfvwrite_r
 .text._fwalk   0x000855b4       0x48 c:/users/alexander/appdata/local/arduino15/packages/arduino/tools/arm-none-eabi-gcc/4.8.3-2014q1/bin/../lib/gcc/arm-none-eabi/4.8.3/../../../../arm-none-eabi/lib/armv7-m\libg.a(lib_a-fwalk.o)
                0x000855b4                _fwalk
 .text.__locale_charset
                0x000855fc        0x8 c:/users/alexander/appdata/local/arduino15/packages/arduino/tools/arm-none-eabi-gcc/4.8.3-2014q1/bin/../lib/gcc/arm-none-eabi/4.8.3/../../../../arm-none-eabi/lib/armv7-m\libg.a(lib_a-locale.o)
                0x000855fc                __locale_charset
 .text.__locale_mb_cur_max
                0x00085604        0xc c:/users/alexander/appdata/local/arduino15/packages/arduino/tools/arm-none-eabi-gcc/4.8.3-2014q1/bin/../lib/gcc/arm-none-eabi/4.8.3/../../../../arm-none-eabi/lib/armv7-m\libg.a(lib_a-locale.o)
                0x00085604                __locale_mb_cur_max
 .text.__smakebuf_r
                0x00085610       0xe0 c:/users/alexander/appdata/local/arduino15/packages/arduino/tools/arm-none-eabi-gcc/4.8.3-2014q1/bin/../lib/gcc/arm-none-eabi/4.8.3/../../../../arm-none-eabi/lib/armv7-m\libg.a(lib_a-makebuf.o)
                0x00085610                __smakebuf_r
 .text.memchr   0x000856f0       0x94 c:/users/alexander/appdata/local/arduino15/packages/arduino/tools/arm-none-eabi-gcc/4.8.3-2014q1/bin/../lib/gcc/arm-none-eabi/4.8.3/../../../../arm-none-eabi/lib/armv7-m\libg.a(lib_a-memchr-stub.o)
                0x000856f0                memchr
 .text          0x00085784       0xec c:/users/alexander/appdata/local/arduino15/packages/arduino/tools/arm-none-eabi-gcc/4.8.3-2014q1/bin/../lib/gcc/arm-none-eabi/4.8.3/../../../../arm-none-eabi/lib/armv7-m\libg.a(lib_a-memcpy.o)
                0x00085784                memcpy
 .text.memmove  0x00085870       0xcc c:/users/alexander/appdata/local/arduino15/packages/arduino/tools/arm-none-eabi-gcc/4.8.3-2014q1/bin/../lib/gcc/arm-none-eabi/4.8.3/../../../../arm-none-eabi/lib/armv7-m\libg.a(lib_a-memmove.o)
                0x00085870                memmove
 .text._realloc_r
                0x0008593c      0x3c0 c:/users/alexander/appdata/local/arduino15/packages/arduino/tools/arm-none-eabi-gcc/4.8.3-2014q1/bin/../lib/gcc/arm-none-eabi/4.8.3/../../../../arm-none-eabi/lib/armv7-m\libg.a(lib_a-reallocr.o)
                0x0008593c                _realloc_r
 .text._kill_r  0x00085cfc       0x28 c:/users/alexander/appdata/local/arduino15/packages/arduino/tools/arm-none-eabi-gcc/4.8.3-2014q1/bin/../lib/gcc/arm-none-eabi/4.8.3/../../../../arm-none-eabi/lib/armv7-m\libg.a(lib_a-signalr.o)
                0x00085cfc                _kill_r
 .text.__sread  0x00085d24       0x24 c:/users/alexander/appdata/local/arduino15/packages/arduino/tools/arm-none-eabi-gcc/4.8.3-2014q1/bin/../lib/gcc/arm-none-eabi/4.8.3/../../../../arm-none-eabi/lib/armv7-m\libg.a(lib_a-stdio.o)
                0x00085d24                __sread
 .text.__swrite
                0x00085d48       0x38 c:/users/alexander/appdata/local/arduino15/packages/arduino/tools/arm-none-eabi-gcc/4.8.3-2014q1/bin/../lib/gcc/arm-none-eabi/4.8.3/../../../../arm-none-eabi/lib/armv7-m\libg.a(lib_a-stdio.o)
                0x00085d48                __swrite
 .text.__sseek  0x00085d80       0x20 c:/users/alexander/appdata/local/arduino15/packages/arduino/tools/arm-none-eabi-gcc/4.8.3-2014q1/bin/../lib/gcc/arm-none-eabi/4.8.3/../../../../arm-none-eabi/lib/armv7-m\libg.a(lib_a-stdio.o)
                0x00085d80                __sseek
 .text.__sclose
                0x00085da0        0x8 c:/users/alexander/appdata/local/arduino15/packages/arduino/tools/arm-none-eabi-gcc/4.8.3-2014q1/bin/../lib/gcc/arm-none-eabi/4.8.3/../../../../arm-none-eabi/lib/armv7-m\libg.a(lib_a-stdio.o)
                0x00085da0                __sclose
 .text.__swbuf_r
                0x00085da8       0xa8 c:/users/alexander/appdata/local/arduino15/packages/arduino/tools/arm-none-eabi-gcc/4.8.3-2014q1/bin/../lib/gcc/arm-none-eabi/4.8.3/../../../../arm-none-eabi/lib/armv7-m\libg.a(lib_a-wbuf.o)
                0x00085da8                __swbuf_r
 .text._wcrtomb_r
                0x00085e50       0x50 c:/users/alexander/appdata/local/arduino15/packages/arduino/tools/arm-none-eabi-gcc/4.8.3-2014q1/bin/../lib/gcc/arm-none-eabi/4.8.3/../../../../arm-none-eabi/lib/armv7-m\libg.a(lib_a-wcrtomb.o)
                0x00085e50                _wcrtomb_r
 .text.__ascii_wctomb
                0x00085ea0       0x1c c:/users/alexander/appdata/local/arduino15/packages/arduino/tools/arm-none-eabi-gcc/4.8.3-2014q1/bin/../lib/gcc/arm-none-eabi/4.8.3/../../../../arm-none-eabi/lib/armv7-m\libg.a(lib_a-wctomb_r.o)
                0x00085ea0                __ascii_wctomb
 .text._write_r
                0x00085ebc       0x28 c:/users/alexander/appdata/local/arduino15/packages/arduino/tools/arm-none-eabi-gcc/4.8.3-2014q1/bin/../lib/gcc/arm-none-eabi/4.8.3/../../../../arm-none-eabi/lib/armv7-m\libg.a(lib_a-writer.o)
                0x00085ebc                _write_r
 .text.__register_exitproc
                0x00085ee4       0xa8 c:/users/alexander/appdata/local/arduino15/packages/arduino/tools/arm-none-eabi-gcc/4.8.3-2014q1/bin/../lib/gcc/arm-none-eabi/4.8.3/../../../../arm-none-eabi/lib/armv7-m\libg.a(lib_a-__atexit.o)
                0x00085ee4                __register_exitproc
 .text._close_r
                0x00085f8c       0x24 c:/users/alexander/appdata/local/arduino15/packages/arduino/tools/arm-none-eabi-gcc/4.8.3-2014q1/bin/../lib/gcc/arm-none-eabi/4.8.3/../../../../arm-none-eabi/lib/armv7-m\libg.a(lib_a-closer.o)
                0x00085f8c                _close_r
 .text._fclose_r
                0x00085fb0       0x80 c:/users/alexander/appdata/local/arduino15/packages/arduino/tools/arm-none-eabi-gcc/4.8.3-2014q1/bin/../lib/gcc/arm-none-eabi/4.8.3/../../../../arm-none-eabi/lib/armv7-m\libg.a(lib_a-fclose.o)
                0x00085fb0                _fclose_r
 .text.fclose   0x00086030       0x10 c:/users/alexander/appdata/local/arduino15/packages/arduino/tools/arm-none-eabi-gcc/4.8.3-2014q1/bin/../lib/gcc/arm-none-eabi/4.8.3/../../../../arm-none-eabi/lib/armv7-m\libg.a(lib_a-fclose.o)
                0x00086030                fclose
 .text._fstat_r
                0x00086040       0x28 c:/users/alexander/appdata/local/arduino15/packages/arduino/tools/arm-none-eabi-gcc/4.8.3-2014q1/bin/../lib/gcc/arm-none-eabi/4.8.3/../../../../arm-none-eabi/lib/armv7-m\libg.a(lib_a-fstatr.o)
                0x00086040                _fstat_r
 .text._isatty_r
                0x00086068       0x24 c:/users/alexander/appdata/local/arduino15/packages/arduino/tools/arm-none-eabi-gcc/4.8.3-2014q1/bin/../lib/gcc/arm-none-eabi/4.8.3/../../../../arm-none-eabi/lib/armv7-m\libg.a(lib_a-isattyr.o)
                0x00086068                _isatty_r
 .text._lseek_r
                0x0008608c       0x28 c:/users/alexander/appdata/local/arduino15/packages/arduino/tools/arm-none-eabi-gcc/4.8.3-2014q1/bin/../lib/gcc/arm-none-eabi/4.8.3/../../../../arm-none-eabi/lib/armv7-m\libg.a(lib_a-lseekr.o)
                0x0008608c                _lseek_r
 .text._read_r  0x000860b4       0x28 c:/users/alexander/appdata/local/arduino15/packages/arduino/tools/arm-none-eabi-gcc/4.8.3-2014q1/bin/../lib/gcc/arm-none-eabi/4.8.3/../../../../arm-none-eabi/lib/armv7-m\libg.a(lib_a-readr.o)
                0x000860b4                _read_r
 .text          0x000860dc       0x2c c:/users/alexander/appdata/local/arduino15/packages/arduino/tools/arm-none-eabi-gcc/4.8.3-2014q1/bin/../lib/gcc/arm-none-eabi/4.8.3/armv7-m\libgcc.a(_aeabi_uldivmod.o)
                0x000860dc                __aeabi_uldivmod
 .text          0x00086108       0x60 c:/users/alexander/appdata/local/arduino15/packages/arduino/tools/arm-none-eabi-gcc/4.8.3-2014q1/bin/../lib/gcc/arm-none-eabi/4.8.3/armv7-m\libgcc.a(bpabi.o)
                0x00086108                __gnu_ldivmod_helper
                0x00086138                __gnu_uldivmod_helper
 .text          0x00086168        0x4 c:/users/alexander/appdata/local/arduino15/packages/arduino/tools/arm-none-eabi-gcc/4.8.3-2014q1/bin/../lib/gcc/arm-none-eabi/4.8.3/armv7-m\libgcc.a(_dvmd_tls.o)
                0x00086168                __aeabi_idiv0
                0x00086168                __aeabi_ldiv0
 .text          0x0008616c      0x2a0 c:/users/alexander/appdata/local/arduino15/packages/arduino/tools/arm-none-eabi-gcc/4.8.3-2014q1/bin/../lib/gcc/arm-none-eabi/4.8.3/armv7-m\libgcc.a(_divdi3.o)
                0x0008616c                __divdi3
 .text          0x0008640c      0x290 c:/users/alexander/appdata/local/arduino15/packages/arduino/tools/arm-none-eabi-gcc/4.8.3-2014q1/bin/../lib/gcc/arm-none-eabi/4.8.3/armv7-m\libgcc.a(_udivdi3.o)
                0x0008640c                __udivdi3
 *(.glue_7t)
 .glue_7t       0x00000000        0x0 linker stubs
 *(.glue_7)
 .glue_7        0x00000000        0x0 linker stubs
 *(.rodata .rodata* .gnu.linkonce.r.*)
 .rodata.str1.1
                0x0008669c       0x90 C:\Users\Alexander\AppData\Local\Temp\VMBuilds\SD-reader\arduino_due_x_dbg\Debug\SD-reader.cpp.o
 *fill*         0x0008672c        0x4 
 .rodata._ZTVN5SDLib4FileE
                0x00086730       0x20 C:\Users\Alexander\AppData\Local\Temp\VMBuilds\SD-reader\arduino_due_x_dbg\Debug\SD\File.cpp.o
                0x00086730                vtable for SDLib::File
 .rodata.str1.1
                0x00086750        0x2 C:\Users\Alexander\AppData\Local\Temp\VMBuilds\SD-reader\arduino_due_x_dbg\Debug\SD\SD.cpp.o
 .rodata.str1.1
                0x00086752       0x10 C:\Users\Alexander\AppData\Local\Temp\VMBuilds\SD-reader\arduino_due_x_dbg\Debug\SD\utility\SdFile.cpp.o
 *fill*         0x00086762        0x6 
 .rodata._ZTV6SdFile
                0x00086768       0x10 C:\Users\Alexander\AppData\Local\Temp\VMBuilds\SD-reader\arduino_due_x_dbg\Debug\SD\utility\SdFile.cpp.o
                0x00086768                vtable for SdFile
 .rodata.str1.1
                0x00086778       0x6a C:\Users\Alexander\AppData\Local\Temp\VMBuilds\SD-reader\arduino_due_x_dbg\Debug\VM_DBG\VM_DBG.cpp.o
                                 0x6c (size before relaxing)
 *fill*         0x000867e2        0x2 
 .rodata.g_APinDescription
                0x000867e4      0xa2c C:\Users\Alexander\AppData\Local\Temp\VMBuilds\SD-reader\arduino_due_x_dbg\Debug\variant\variant.cpp.o
                0x000867e4                g_APinDescription
 .rodata        0x00087210       0x40 C:\Users\Alexander\AppData\Local\arduino15\packages\arduino\hardware\sam\1.6.11\variants\arduino_due_x/libsam_sam3x8e_gcc_rel.a(adc.o)
 .rodata.str1.1
                0x00087250       0x19 C:\Users\Alexander\AppData\Local\Temp\VMBuilds\SD-reader\arduino_due_x_dbg\Debug/core.a(syscalls_sam3.c.o)
 .rodata.str1.1
                0x00087269        0xc C:\Users\Alexander\AppData\Local\Temp\VMBuilds\SD-reader\arduino_due_x_dbg\Debug/core.a(Print.cpp.o)
                                  0xf (size before relaxing)
 *fill*         0x00087275        0x3 
 .rodata._ZTV9UARTClass
                0x00087278       0x30 C:\Users\Alexander\AppData\Local\Temp\VMBuilds\SD-reader\arduino_due_x_dbg\Debug/core.a(UARTClass.cpp.o)
                0x00087278                vtable for UARTClass
 .rodata._ZTV10USARTClass
                0x000872a8       0x30 C:\Users\Alexander\AppData\Local\Temp\VMBuilds\SD-reader\arduino_due_x_dbg\Debug/core.a(USARTClass.cpp.o)
                0x000872a8                vtable for USARTClass
 .rodata.STRING_PRODUCT
                0x000872d8        0xc C:\Users\Alexander\AppData\Local\Temp\VMBuilds\SD-reader\arduino_due_x_dbg\Debug/core.a(USBCore.cpp.o)
                0x000872d8                STRING_PRODUCT
 .rodata.USB_DeviceDescriptor
                0x000872e4       0x12 C:\Users\Alexander\AppData\Local\Temp\VMBuilds\SD-reader\arduino_due_x_dbg\Debug/core.a(USBCore.cpp.o)
                0x000872e4                USB_DeviceDescriptor
 .rodata.STRING_LANGUAGE
                0x000872f6        0x4 C:\Users\Alexander\AppData\Local\Temp\VMBuilds\SD-reader\arduino_due_x_dbg\Debug/core.a(USBCore.cpp.o)
                0x000872f6                STRING_LANGUAGE
 .rodata._ZL18test_packet_buffer
                0x000872fa       0x35 C:\Users\Alexander\AppData\Local\Temp\VMBuilds\SD-reader\arduino_due_x_dbg\Debug/core.a(USBCore.cpp.o)
 .rodata.STRING_MANUFACTURER
                0x0008732f        0xc C:\Users\Alexander\AppData\Local\Temp\VMBuilds\SD-reader\arduino_due_x_dbg\Debug/core.a(USBCore.cpp.o)
                0x0008732f                STRING_MANUFACTURER
 .rodata.USB_DeviceDescriptorA
                0x0008733b       0x12 C:\Users\Alexander\AppData\Local\Temp\VMBuilds\SD-reader\arduino_due_x_dbg\Debug/core.a(USBCore.cpp.o)
                0x0008733b                USB_DeviceDescriptorA
 .rodata._ZL19USB_DeviceQualifier
                0x0008734d        0x9 C:\Users\Alexander\AppData\Local\Temp\VMBuilds\SD-reader\arduino_due_x_dbg\Debug/core.a(USBCore.cpp.o)
 *fill*         0x00087356        0x2 
 .rodata._ZTV7Serial_
                0x00087358       0x28 C:\Users\Alexander\AppData\Local\Temp\VMBuilds\SD-reader\arduino_due_x_dbg\Debug/core.a(CDC.cpp.o)
                0x00087358                vtable for Serial_
 .rodata._ZL18_cdcOtherInterface
                0x00087380       0x42 C:\Users\Alexander\AppData\Local\Temp\VMBuilds\SD-reader\arduino_due_x_dbg\Debug/core.a(CDC.cpp.o)
 .rodata._ZL13_cdcInterface
                0x000873c2       0x42 C:\Users\Alexander\AppData\Local\Temp\VMBuilds\SD-reader\arduino_due_x_dbg\Debug/core.a(CDC.cpp.o)
 .rodata.str1.4
                0x00087404        0x2 c:/users/alexander/appdata/local/arduino15/packages/arduino/tools/arm-none-eabi-gcc/4.8.3-2014q1/bin/../lib/gcc/arm-none-eabi/4.8.3/../../../../arm-none-eabi/lib/armv7-m\libg.a(lib_a-impure.o)
                                  0x4 (size before relaxing)
 *fill*         0x00087406        0x2 
 .rodata._global_impure_ptr
                0x00087408        0x4 c:/users/alexander/appdata/local/arduino15/packages/arduino/tools/arm-none-eabi-gcc/4.8.3-2014q1/bin/../lib/gcc/arm-none-eabi/4.8.3/../../../../arm-none-eabi/lib/armv7-m\libg.a(lib_a-impure.o)
                0x00087408                _global_impure_ptr
 .rodata.blanks.6717
                0x0008740c       0x10 c:/users/alexander/appdata/local/arduino15/packages/arduino/tools/arm-none-eabi-gcc/4.8.3-2014q1/bin/../lib/gcc/arm-none-eabi/4.8.3/../../../../arm-none-eabi/lib/armv7-m\libg.a(lib_a-vfiprintf.o)
 .rodata.str1.4
                0x0008741c       0x30 c:/users/alexander/appdata/local/arduino15/packages/arduino/tools/arm-none-eabi-gcc/4.8.3-2014q1/bin/../lib/gcc/arm-none-eabi/4.8.3/../../../../arm-none-eabi/lib/armv7-m\libg.a(lib_a-vfiprintf.o)
 .rodata.zeroes.6718
                0x0008744c       0x10 c:/users/alexander/appdata/local/arduino15/packages/arduino/tools/arm-none-eabi-gcc/4.8.3-2014q1/bin/../lib/gcc/arm-none-eabi/4.8.3/../../../../arm-none-eabi/lib/armv7-m\libg.a(lib_a-vfiprintf.o)
 *(.ARM.extab* .gnu.linkonce.armextab.*)
                0x0008745c                . = ALIGN (0x4)
 *(.init)
 .init          0x0008745c        0x4 c:/users/alexander/appdata/local/arduino15/packages/arduino/tools/arm-none-eabi-gcc/4.8.3-2014q1/bin/../lib/gcc/arm-none-eabi/4.8.3/armv7-m/crti.o
                0x0008745c                _init
 .init          0x00087460        0x8 c:/users/alexander/appdata/local/arduino15/packages/arduino/tools/arm-none-eabi-gcc/4.8.3-2014q1/bin/../lib/gcc/arm-none-eabi/4.8.3/armv7-m/crtn.o
                0x00087468                . = ALIGN (0x4)
                0x00087468                __preinit_array_start = .
 *(.preinit_array)
                0x00087468                __preinit_array_end = .
                0x00087468                . = ALIGN (0x4)
                0x00087468                __init_array_start = .
 *(SORT(.init_array.*))
 .init_array.00000
                0x00087468        0x4 c:/users/alexander/appdata/local/arduino15/packages/arduino/tools/arm-none-eabi-gcc/4.8.3-2014q1/bin/../lib/gcc/arm-none-eabi/4.8.3/../../../../arm-none-eabi/lib/armv7-m\libg.a(lib_a-__call_atexit.o)
 *(.init_array)
 .init_array    0x0008746c        0x4 c:/users/alexander/appdata/local/arduino15/packages/arduino/tools/arm-none-eabi-gcc/4.8.3-2014q1/bin/../lib/gcc/arm-none-eabi/4.8.3/armv7-m/crtbegin.o
 .init_array    0x00087470        0x4 C:\Users\Alexander\AppData\Local\Temp\VMBuilds\SD-reader\arduino_due_x_dbg\Debug\SD-reader.cpp.o
 .init_array    0x00087474        0x4 C:\Users\Alexander\AppData\Local\Temp\VMBuilds\SD-reader\arduino_due_x_dbg\Debug\SPI\SPI.cpp.o
 .init_array    0x00087478        0x4 C:\Users\Alexander\AppData\Local\Temp\VMBuilds\SD-reader\arduino_due_x_dbg\Debug\SD\SD.cpp.o
 .init_array    0x0008747c        0x4 C:\Users\Alexander\AppData\Local\Temp\VMBuilds\SD-reader\arduino_due_x_dbg\Debug\SD\utility\Sd2Card.cpp.o
 .init_array    0x00087480        0x4 C:\Users\Alexander\AppData\Local\Temp\VMBuilds\SD-reader\arduino_due_x_dbg\Debug\VM_DBG\VM_DBG.cpp.o
 .init_array    0x00087484        0x4 C:\Users\Alexander\AppData\Local\Temp\VMBuilds\SD-reader\arduino_due_x_dbg\Debug\variant\variant.cpp.o
 .init_array    0x00087488        0x4 C:\Users\Alexander\AppData\Local\Temp\VMBuilds\SD-reader\arduino_due_x_dbg\Debug/core.a(USBCore.cpp.o)
 .init_array    0x0008748c        0x4 C:\Users\Alexander\AppData\Local\Temp\VMBuilds\SD-reader\arduino_due_x_dbg\Debug/core.a(CDC.cpp.o)
                0x00087490                __init_array_end = .
                0x00087490                . = ALIGN (0x4)
 *crtbegin.o(.ctors)
 *(EXCLUDE_FILE(*crtend.o) .ctors)
 *(SORT(.ctors.*))
 *crtend.o(.ctors)
                0x00087490                . = ALIGN (0x4)
 *(.fini)
 .fini          0x00087490        0x4 c:/users/alexander/appdata/local/arduino15/packages/arduino/tools/arm-none-eabi-gcc/4.8.3-2014q1/bin/../lib/gcc/arm-none-eabi/4.8.3/armv7-m/crti.o
                0x00087490                _fini
 .fini          0x00087494        0x8 c:/users/alexander/appdata/local/arduino15/packages/arduino/tools/arm-none-eabi-gcc/4.8.3-2014q1/bin/../lib/gcc/arm-none-eabi/4.8.3/armv7-m/crtn.o
                0x0008749c                . = ALIGN (0x4)
                0x0008749c                __fini_array_start = .
 *(.fini_array)
 .fini_array    0x0008749c        0x4 c:/users/alexander/appdata/local/arduino15/packages/arduino/tools/arm-none-eabi-gcc/4.8.3-2014q1/bin/../lib/gcc/arm-none-eabi/4.8.3/armv7-m/crtbegin.o
 *(SORT(.fini_array.*))
                0x000874a0                __fini_array_end = .
 *crtbegin.o(.dtors)
 *(EXCLUDE_FILE(*crtend.o) .dtors)
 *(SORT(.dtors.*))
 *crtend.o(.dtors)
                0x000874a0                . = ALIGN (0x4)
                0x000874a0                _efixed = .
                0x000874a0                PROVIDE (__exidx_start, .)

.vfp11_veneer   0x000874a0        0x0
 .vfp11_veneer  0x00000000        0x0 linker stubs

.v4_bx          0x000874a0        0x0
 .v4_bx         0x00000000        0x0 linker stubs

.iplt           0x000874a0        0x0
 .iplt          0x00000000        0x0 c:/users/alexander/appdata/local/arduino15/packages/arduino/tools/arm-none-eabi-gcc/4.8.3-2014q1/bin/../lib/gcc/arm-none-eabi/4.8.3/armv7-m/crtbegin.o

.ARM.exidx      0x000874a0        0x8
 *(.ARM.exidx* .gnu.linkonce.armexidx.*)